../Core/Src/SPITouchScreen.c:30:6:initTouchScr	16	static
../Core/Src/SPITouchScreen.c:36:10:ReadTouchCoordinate	40	static
../Core/Src/SPITouchScreen.c:54:6:Touch_Select	8	static
../Core/Src/SPITouchScreen.c:59:6:Touch_Unselect	8	static
../Core/Src/SPITouchScreen.c:64:9:Touch_SPI_Transfer	32	static
../Core/Src/SPITouchScreen.c:71:6:Touch_ReadCoordinates	24	static
../Core/Src/SPITouchScreen.c:97:6:XPT2046_Select	8	static
../Core/Src/SPITouchScreen.c:101:6:XPT2046_Unselect	8	static
../Core/Src/SPITouchScreen.c:105:10:XPT2046_ReadCoordinate	32	static
../Core/Src/SPITouchScreen.c:118:6:XPT2046_ReadCoordinates	16	static
../Core/Src/SPITouchScreen.c:191:6:CheckCoordinatesWithinRadius	40	static
../Core/Src/SPITouchScreen.c:201:6:CheckCoordinatesWithinRectangle	24	static
../Core/Src/SPITouchScreen.c:209:5:scaleBetween	32	static
../Core/Src/SPITouchScreen.c:244:6:sortArray	32	static
../Core/Src/SPITouchScreen.c:258:6:TouchInterrupt	56	static
../Core/Src/SPITouchScreen.c:343:6:DrawRectangle	40	static
../Core/Src/SPITouchScreen.c:357:6:testRectsWawero	48	static
../Core/Src/SPITouchScreen.c:371:6:testCircleWawero	32	static
