../Core/Src/lvgl/src/core/lv_group.c:45:6:_lv_group_init	8	static
../Core/Src/lvgl/src/core/lv_group.c:50:14:lv_group_create	16	static
../Core/Src/lvgl/src/core/lv_group.c:72:6:lv_group_del	32	static
../Core/Src/lvgl/src/core/lv_group.c:101:6:lv_group_set_default	16	static
../Core/Src/lvgl/src/core/lv_group.c:106:14:lv_group_get_default	4	static
../Core/Src/lvgl/src/core/lv_group.c:111:6:lv_group_add_obj	32	static
../Core/Src/lvgl/src/core/lv_group.c:156:6:lv_group_swap_obj	32	static
../Core/Src/lvgl/src/core/lv_group.c:176:6:lv_group_remove_obj	32	static
../Core/Src/lvgl/src/core/lv_group.c:217:6:lv_group_remove_all_objs	32	static
../Core/Src/lvgl/src/core/lv_group.c:235:6:lv_group_focus_obj	40	static
../Core/Src/lvgl/src/core/lv_group.c:268:6:lv_group_focus_next	24	static
../Core/Src/lvgl/src/core/lv_group.c:277:6:lv_group_focus_prev	24	static
../Core/Src/lvgl/src/core/lv_group.c:286:6:lv_group_focus_freeze	16	static
../Core/Src/lvgl/src/core/lv_group.c:292:10:lv_group_send_data	24	static
../Core/Src/lvgl/src/core/lv_group.c:302:6:lv_group_set_focus_cb	16	static
../Core/Src/lvgl/src/core/lv_group.c:307:6:lv_group_set_edge_cb	16	static
../Core/Src/lvgl/src/core/lv_group.c:312:6:lv_group_set_editing	40	static
../Core/Src/lvgl/src/core/lv_group.c:330:6:lv_group_set_refocus_policy	16	static
../Core/Src/lvgl/src/core/lv_group.c:335:6:lv_group_set_wrap	16	static
../Core/Src/lvgl/src/core/lv_group.c:340:12:lv_group_get_focused	16	static
../Core/Src/lvgl/src/core/lv_group.c:348:21:lv_group_get_focus_cb	16	static
../Core/Src/lvgl/src/core/lv_group.c:354:20:lv_group_get_edge_cb	16	static
../Core/Src/lvgl/src/core/lv_group.c:360:6:lv_group_get_editing	16	static
../Core/Src/lvgl/src/core/lv_group.c:366:6:lv_group_get_wrap	16	static
../Core/Src/lvgl/src/core/lv_group.c:372:10:lv_group_get_obj_count	16	static
../Core/Src/lvgl/src/core/lv_group.c:380:13:lv_group_refocus	24	static
../Core/Src/lvgl/src/core/lv_group.c:394:13:focus_next_core	56	static
../Core/Src/lvgl/src/core/lv_group.c:477:21:get_indev	32	static
