../Core/Src/ZMPT101BSource.c:31:6:Initialize_ZMPT101B	16	static
../Core/Src/ZMPT101BSource.c:39:10:analogRead	16	static
../Core/Src/ZMPT101BSource.c:49:5:calibrate	16	static
../Core/Src/ZMPT101BSource.c:60:5:calibrateLive	16	static
../Core/Src/ZMPT101BSource.c:72:6:calibrateLowNoiseAndZeroPoint	24	static
../Core/Src/ZMPT101BSource.c:102:6:calibrateLowNoisePointFromDMA	24	static
../Core/Src/ZMPT101BSource.c:124:6:calibrateAverageZeroPointFromDMA	72	static
../Core/Src/ZMPT101BSource.c:154:6:calibrateZeroPointWithTolerance	72	static
../Core/Src/ZMPT101BSource.c:191:7:calibrateVoltage	4	static
../Core/Src/ZMPT101BSource.c:206:7:getVoltageDC	32	static
../Core/Src/ZMPT101BSource.c:217:7:getVoltageAC	48	static
../Core/Src/ZMPT101BSource.c:255:7:getVoltageACFromDMABuff	80	static
../Core/Src/ZMPT101BSource.c:306:5:checkADCSaturationTest	24	static
../Core/Src/ZMPT101BSource.c:333:10:micros	8	static
../Core/Src/ZMPT101BSource.c:338:6:delayMicroseconds	24	static
