Archive member included to satisfy reference by file (symbol)

C:/ST/STM32CubeIDE_1.16.1/STM32CubeIDE/plugins/com.st.stm32cube.ide.mcu.externaltools.gnu-tools-for-stm32.12.3.rel1.win32_1.0.200.202406191623/tools/bin/../lib/gcc/arm-none-eabi/12.3.1/../../../../arm-none-eabi/lib/thumb/v7e-m+fp/hard\libc_nano.a(libc_a-exit.o)
                              C:/ST/STM32CubeIDE_1.16.1/STM32CubeIDE/plugins/com.st.stm32cube.ide.mcu.externaltools.gnu-tools-for-stm32.12.3.rel1.win32_1.0.200.202406191623/tools/bin/../lib/gcc/arm-none-eabi/12.3.1/../../../../arm-none-eabi/lib/thumb/v7e-m+fp/hard/crt0.o (exit)
C:/ST/STM32CubeIDE_1.16.1/STM32CubeIDE/plugins/com.st.stm32cube.ide.mcu.externaltools.gnu-tools-for-stm32.12.3.rel1.win32_1.0.200.202406191623/tools/bin/../lib/gcc/arm-none-eabi/12.3.1/../../../../arm-none-eabi/lib/thumb/v7e-m+fp/hard\libc_nano.a(libc_a-findfp.o)
                              C:/ST/STM32CubeIDE_1.16.1/STM32CubeIDE/plugins/com.st.stm32cube.ide.mcu.externaltools.gnu-tools-for-stm32.12.3.rel1.win32_1.0.200.202406191623/tools/bin/../lib/gcc/arm-none-eabi/12.3.1/../../../../arm-none-eabi/lib/thumb/v7e-m+fp/hard\libc_nano.a(libc_a-exit.o) (__stdio_exit_handler)
C:/ST/STM32CubeIDE_1.16.1/STM32CubeIDE/plugins/com.st.stm32cube.ide.mcu.externaltools.gnu-tools-for-stm32.12.3.rel1.win32_1.0.200.202406191623/tools/bin/../lib/gcc/arm-none-eabi/12.3.1/../../../../arm-none-eabi/lib/thumb/v7e-m+fp/hard\libc_nano.a(libc_a-fwalk.o)
                              C:/ST/STM32CubeIDE_1.16.1/STM32CubeIDE/plugins/com.st.stm32cube.ide.mcu.externaltools.gnu-tools-for-stm32.12.3.rel1.win32_1.0.200.202406191623/tools/bin/../lib/gcc/arm-none-eabi/12.3.1/../../../../arm-none-eabi/lib/thumb/v7e-m+fp/hard\libc_nano.a(libc_a-findfp.o) (_fwalk_sglue)
C:/ST/STM32CubeIDE_1.16.1/STM32CubeIDE/plugins/com.st.stm32cube.ide.mcu.externaltools.gnu-tools-for-stm32.12.3.rel1.win32_1.0.200.202406191623/tools/bin/../lib/gcc/arm-none-eabi/12.3.1/../../../../arm-none-eabi/lib/thumb/v7e-m+fp/hard\libc_nano.a(libc_a-stdio.o)
                              C:/ST/STM32CubeIDE_1.16.1/STM32CubeIDE/plugins/com.st.stm32cube.ide.mcu.externaltools.gnu-tools-for-stm32.12.3.rel1.win32_1.0.200.202406191623/tools/bin/../lib/gcc/arm-none-eabi/12.3.1/../../../../arm-none-eabi/lib/thumb/v7e-m+fp/hard\libc_nano.a(libc_a-findfp.o) (__sread)
C:/ST/STM32CubeIDE_1.16.1/STM32CubeIDE/plugins/com.st.stm32cube.ide.mcu.externaltools.gnu-tools-for-stm32.12.3.rel1.win32_1.0.200.202406191623/tools/bin/../lib/gcc/arm-none-eabi/12.3.1/../../../../arm-none-eabi/lib/thumb/v7e-m+fp/hard\libc_nano.a(libc_a-memset.o)
                              C:/ST/STM32CubeIDE_1.16.1/STM32CubeIDE/plugins/com.st.stm32cube.ide.mcu.externaltools.gnu-tools-for-stm32.12.3.rel1.win32_1.0.200.202406191623/tools/bin/../lib/gcc/arm-none-eabi/12.3.1/../../../../arm-none-eabi/lib/thumb/v7e-m+fp/hard/crt0.o (memset)
C:/ST/STM32CubeIDE_1.16.1/STM32CubeIDE/plugins/com.st.stm32cube.ide.mcu.externaltools.gnu-tools-for-stm32.12.3.rel1.win32_1.0.200.202406191623/tools/bin/../lib/gcc/arm-none-eabi/12.3.1/../../../../arm-none-eabi/lib/thumb/v7e-m+fp/hard\libc_nano.a(libc_a-closer.o)
                              C:/ST/STM32CubeIDE_1.16.1/STM32CubeIDE/plugins/com.st.stm32cube.ide.mcu.externaltools.gnu-tools-for-stm32.12.3.rel1.win32_1.0.200.202406191623/tools/bin/../lib/gcc/arm-none-eabi/12.3.1/../../../../arm-none-eabi/lib/thumb/v7e-m+fp/hard\libc_nano.a(libc_a-stdio.o) (_close_r)
C:/ST/STM32CubeIDE_1.16.1/STM32CubeIDE/plugins/com.st.stm32cube.ide.mcu.externaltools.gnu-tools-for-stm32.12.3.rel1.win32_1.0.200.202406191623/tools/bin/../lib/gcc/arm-none-eabi/12.3.1/../../../../arm-none-eabi/lib/thumb/v7e-m+fp/hard\libc_nano.a(libc_a-reent.o)
                              C:/ST/STM32CubeIDE_1.16.1/STM32CubeIDE/plugins/com.st.stm32cube.ide.mcu.externaltools.gnu-tools-for-stm32.12.3.rel1.win32_1.0.200.202406191623/tools/bin/../lib/gcc/arm-none-eabi/12.3.1/../../../../arm-none-eabi/lib/thumb/v7e-m+fp/hard\libc_nano.a(libc_a-closer.o) (errno)
C:/ST/STM32CubeIDE_1.16.1/STM32CubeIDE/plugins/com.st.stm32cube.ide.mcu.externaltools.gnu-tools-for-stm32.12.3.rel1.win32_1.0.200.202406191623/tools/bin/../lib/gcc/arm-none-eabi/12.3.1/../../../../arm-none-eabi/lib/thumb/v7e-m+fp/hard\libc_nano.a(libc_a-impure.o)
                              C:/ST/STM32CubeIDE_1.16.1/STM32CubeIDE/plugins/com.st.stm32cube.ide.mcu.externaltools.gnu-tools-for-stm32.12.3.rel1.win32_1.0.200.202406191623/tools/bin/../lib/gcc/arm-none-eabi/12.3.1/../../../../arm-none-eabi/lib/thumb/v7e-m+fp/hard\libc_nano.a(libc_a-reent.o) (_impure_ptr)
C:/ST/STM32CubeIDE_1.16.1/STM32CubeIDE/plugins/com.st.stm32cube.ide.mcu.externaltools.gnu-tools-for-stm32.12.3.rel1.win32_1.0.200.202406191623/tools/bin/../lib/gcc/arm-none-eabi/12.3.1/../../../../arm-none-eabi/lib/thumb/v7e-m+fp/hard\libc_nano.a(libc_a-lseekr.o)
[...]
Memory Configuration

Name             Origin             Length             Attributes
RAM              0x20000000         0x00020000         xrw
FLASH            0x08000000         0x00080000         xr
*default*        0x00000000         0xffffffff

Linker script and memory map

LOAD C:/ST/STM32CubeIDE_1.16.1/STM32CubeIDE/plugins/com.st.stm32cube.ide.mcu.externaltools.gnu-tools-for-stm32.12.3.rel1.win32_1.0.200.202406191623/tools/bin/../lib/gcc/arm-none-eabi/12.3.1/thumb/v7e-m+fp/hard/crti.o
LOAD C:/ST/STM32CubeIDE_1.16.1/STM32CubeIDE/plugins/com.st.stm32cube.ide.mcu.externaltools.gnu-tools-for-stm32.12.3.rel1.win32_1.0.200.202406191623/tools/bin/../lib/gcc/arm-none-eabi/12.3.1/thumb/v7e-m+fp/hard/crtbegin.o
LOAD C:/ST/STM32CubeIDE_1.16.1/STM32CubeIDE/plugins/com.st.stm32cube.ide.mcu.externaltools.gnu-tools-for-stm32.12.3.rel1.win32_1.0.200.202406191623/tools/bin/../lib/gcc/arm-none-eabi/12.3.1/../../../../arm-none-eabi/lib/thumb/v7e-m+fp/hard/crt0.o
LOAD ./Core/Src/BATTERYInfo.o
LOAD ./Core/Src/ZMPT101BSource.o
LOAD ./Core/Src/adc.o
LOAD ./Core/Src/dma.o
LOAD ./Core/Src/gpio.o
LOAD ./Core/Src/main.o
LOAD ./Core/Src/stm32f4xx_hal_msp.o
LOAD ./Core/Src/stm32f4xx_it.o
LOAD ./Core/Src/syscalls.o
LOAD ./Core/Src/sysmem.o
LOAD ./Core/Src/system_stm32f4xx.o
LOAD ./Core/Src/tim.o
LOAD ./Core/Src/waweroBasicFunction.o
LOAD ./Core/Startup/startup_stm32f411ceux.o
LOAD ./Drivers/STM32F4xx_HAL_Driver/Src/stm32f4xx_hal.o
LOAD ./Drivers/STM32F4xx_HAL_Driver/Src/stm32f4xx_hal_adc.o
LOAD ./Drivers/STM32F4xx_HAL_Driver/Src/stm32f4xx_hal_adc_ex.o
LOAD ./Drivers/STM32F4xx_HAL_Driver/Src/stm32f4xx_hal_cortex.o
LOAD ./Drivers/STM32F4xx_HAL_Driver/Src/stm32f4xx_hal_dma.o
LOAD ./Drivers/STM32F4xx_HAL_Driver/Src/stm32f4xx_hal_dma_ex.o
LOAD ./Drivers/STM32F4xx_HAL_Driver/Src/stm32f4xx_hal_exti.o
LOAD ./Drivers/STM32F4xx_HAL_Driver/Src/stm32f4xx_hal_flash.o
LOAD ./Drivers/STM32F4xx_HAL_Driver/Src/stm32f4xx_hal_flash_ex.o
LOAD ./Drivers/STM32F4xx_HAL_Driver/Src/stm32f4xx_hal_flash_ramfunc.o
LOAD ./Drivers/STM32F4xx_HAL_Driver/Src/stm32f4xx_hal_gpio.o
LOAD ./Drivers/STM32F4xx_HAL_Driver/Src/stm32f4xx_hal_pwr.o
LOAD ./Drivers/STM32F4xx_HAL_Driver/Src/stm32f4xx_hal_pwr_ex.o
LOAD ./Drivers/STM32F4xx_HAL_Driver/Src/stm32f4xx_hal_rcc.o
LOAD ./Drivers/STM32F4xx_HAL_Driver/Src/stm32f4xx_hal_rcc_ex.o
LOAD ./Drivers/STM32F4xx_HAL_Driver/Src/stm32f4xx_hal_tim.o
LOAD ./Drivers/STM32F4xx_HAL_Driver/Src/stm32f4xx_hal_tim_ex.o
LOAD ./Drivers/STM32F4xx_HAL_Driver/Src/stm32f4xx_ll_adc.o
START GROUP
LOAD C:/ST/STM32CubeIDE_1.16.1/STM32CubeIDE/plugins/com.st.stm32cube.ide.mcu.externaltools.gnu-tools-for-stm32.12.3.rel1.win32_1.0.200.202406191623/tools/bin/../lib/gcc/arm-none-eabi/12.3.1/../../../../arm-none-eabi/lib/thumb/v7e-m+fp/hard\libc_nano.a
LOAD C:/ST/STM32CubeIDE_1.16.1/STM32CubeIDE/plugins/com.st.stm32cube.ide.mcu.externaltools.gnu-tools-for-stm32.12.3.rel1.win32_1.0.200.202406191623/tools/bin/../lib/gcc/arm-none-eabi/12.3.1/../../../../arm-none-eabi/lib/thumb/v7e-m+fp/hard\libm.a
END GROUP
START GROUP
LOAD C:/ST/STM32CubeIDE_1.16.1/STM32CubeIDE/plugins/com.st.stm32cube.ide.mcu.externaltools.gnu-tools-for-stm32.12.3.rel1.win32_1.0.200.202406191623/tools/bin/../lib/gcc/arm-none-eabi/12.3.1/thumb/v7e-m+fp/hard\libgcc.a
LOAD C:/ST/STM32CubeIDE_1.16.1/STM32CubeIDE/plugins/com.st.stm32cube.ide.mcu.externaltools.gnu-tools-for-stm32.12.3.rel1.win32_1.0.200.202406191623/tools/bin/../lib/gcc/arm-none-eabi/12.3.1/../../../../arm-none-eabi/lib/thumb/v7e-m+fp/hard\libc_nano.a
END GROUP
START GROUP
LOAD C:/ST/STM32CubeIDE_1.16.1/STM32CubeIDE/plugins/com.st.stm32cube.ide.mcu.externaltools.gnu-tools-for-stm32.12.3.rel1.win32_1.0.200.202406191623/tools/bin/../lib/gcc/arm-none-eabi/12.3.1/thumb/v7e-m+fp/hard\libgcc.a
LOAD C:/ST/STM32CubeIDE_1.16.1/STM32CubeIDE/plugins/com.st.stm32cube.ide.mcu.externaltools.gnu-tools-for-stm32.12.3.rel1.win32_1.0.200.202406191623/tools/bin/../lib/gcc/arm-none-eabi/12.3.1/../../../../arm-none-eabi/lib/thumb/v7e-m+fp/hard\libc_nano.a
LOAD C:/ST/STM32CubeIDE_1.16.1/STM32CubeIDE/plugins/com.st.stm32cube.ide.mcu.externaltools.gnu-tools-for-stm32.12.3.rel1.win32_1.0.200.202406191623/tools/bin/../lib/gcc/arm-none-eabi/12.3.1/../../../../arm-none-eabi/lib/thumb/v7e-m+fp/hard\libnosys.a
END GROUP
START GROUP
LOAD C:/ST/STM32CubeIDE_1.16.1/STM32CubeIDE/plugins/com.st.stm32cube.ide.mcu.externaltools.gnu-tools-for-stm32.12.3.rel1.win32_1.0.200.202406191623/tools/bin/../lib/gcc/arm-none-eabi/12.3.1/thumb/v7e-m+fp/hard\libgcc.a
LOAD C:/ST/STM32CubeIDE_1.16.1/STM32CubeIDE/plugins/com.st.stm32cube.ide.mcu.externaltools.gnu-tools-for-stm32.12.3.rel1.win32_1.0.200.202406191623/tools/bin/../lib/gcc/arm-none-eabi/12.3.1/../../../../arm-none-eabi/lib/thumb/v7e-m+fp/hard\libc_nano.a
LOAD C:/ST/STM32CubeIDE_1.16.1/STM32CubeIDE/plugins/com.st.stm32cube.ide.mcu.externaltools.gnu-tools-for-stm32.12.3.rel1.win32_1.0.200.202406191623/tools/bin/../lib/gcc/arm-none-eabi/12.3.1/../../../../arm-none-eabi/lib/thumb/v7e-m+fp/hard\libnosys.a
END GROUP
LOAD C:/ST/STM32CubeIDE_1.16.1/STM32CubeIDE/plugins/com.st.stm32cube.ide.mcu.externaltools.gnu-tools-for-stm32.12.3.rel1.win32_1.0.200.202406191623/tools/bin/../lib/gcc/arm-none-eabi/12.3.1/thumb/v7e-m+fp/hard/crtend.o
LOAD C:/ST/STM32CubeIDE_1.16.1/STM32CubeIDE/plugins/com.st.stm32cube.ide.mcu.externaltools.gnu-tools-for-stm32.12.3.rel1.win32_1.0.200.202406191623/tools/bin/../lib/gcc/arm-none-eabi/12.3.1/thumb/v7e-m+fp/hard/crtn.o
                0x20020000                        _estack = (ORIGIN (RAM) + LENGTH (RAM))
                0x00000200                        _Min_Heap_Size = 0x200
                0x00000400                        _Min_Stack_Size = 0x400

.isr_vector     0x08000000      0x198
                0x08000000                        . = ALIGN (0x4)
 *(.isr_vector)
 .isr_vector    0x08000000      0x198 ./Core/Startup/startup_stm32f411ceux.o
                0x08000000                g_pfnVectors
                0x08000198                        . = ALIGN (0x4)

.text           0x08000198     0x4b3c
                0x08000198                        . = ALIGN (0x4)
 *(.text)
 .text          0x08000198       0x40 C:/ST/STM32CubeIDE_1.16.1/STM32CubeIDE/plugins/com.st.stm32cube.ide.mcu.externaltools.gnu-tools-for-stm32.12.3.rel1.win32_1.0.200.202406191623/tools/bin/../lib/gcc/arm-none-eabi/12.3.1/thumb/v7e-m+fp/hard/crtbegin.o
 .text          0x080001d8      0x378 C:/ST/STM32CubeIDE_1.16.1/STM32CubeIDE/plugins/com.st.stm32cube.ide.mcu.externaltools.gnu-tools-for-stm32.12.3.rel1.win32_1.0.200.202406191623/tools/bin/../lib/gcc/arm-none-eabi/12.3.1/thumb/v7e-m+fp/hard\libgcc.a(_arm_addsubdf3.o)
                0x080001d8                __aeabi_drsub
                0x080001e0                __aeabi_dsub
                0x080001e0                __subdf3
                0x080001e4                __aeabi_dadd
                0x080001e4                __adddf3
                0x0800045c                __floatunsidf
                0x0800045c                __aeabi_ui2d
                0x0800047c                __floatsidf
                0x0800047c                __aeabi_i2d
                0x080004a0                __aeabi_f2d
                0x080004a0                __extendsfdf2
                0x080004e4                __floatundidf
                0x080004e4                __aeabi_ul2d
                0x080004f4                __floatdidf
                0x080004f4                __aeabi_l2d
 .text          0x08000550      0x424 C:/ST/STM32CubeIDE_1.16.1/STM32CubeIDE/plugins/com.st.stm32cube.ide.mcu.externaltools.gnu-tools-for-stm32.12.3.rel1.win32_1.0.200.202406191623/tools/bin/../lib/gcc/arm-none-eabi/12.3.1/thumb/v7e-m+fp/hard\libgcc.a(_arm_muldivdf3.o)
                0x08000550                __aeabi_dmul
                0x08000550                __muldf3
                0x080007a4                __divdf3
                0x080007a4                __aeabi_ddiv
 .text          0x08000974      0x110 C:/ST/STM32CubeIDE_1.16.1/STM32CubeIDE/plugins/com.st.stm32cube.ide.mcu.externaltools.gnu-tools-for-stm32.12.3.rel1.win32_1.0.200.202406191623/tools/bin/../lib/gcc/arm-none-eabi/12.3.1/thumb/v7e-m+fp/hard\libgcc.a(_arm_cmpdf2.o)
                0x08000974                __gtdf2
                0x08000974                __gedf2
                0x0800097c                __ltdf2
                0x0800097c                __ledf2
                0x08000984                __nedf2
                0x08000984                __eqdf2
                0x08000984                __cmpdf2
                0x08000a00                __aeabi_cdrcmple
                0x08000a10                __aeabi_cdcmpeq
                0x08000a10                __aeabi_cdcmple
                0x08000a20                __aeabi_dcmpeq
                0x08000a34                __aeabi_dcmplt
                0x08000a48                __aeabi_dcmple
                0x08000a5c                __aeabi_dcmpge
                0x08000a70                __aeabi_dcmpgt
 .text          0x08000a84       0x50 C:/ST/STM32CubeIDE_1.16.1/STM32CubeIDE/plugins/com.st.stm32cube.ide.mcu.externaltools.gnu-tools-for-stm32.12.3.rel1.win32_1.0.200.202406191623/tools/bin/../lib/gcc/arm-none-eabi/12.3.1/thumb/v7e-m+fp/hard\libgcc.a(_arm_fixdfsi.o)
                0x08000a84                __aeabi_d2iz
                0x08000a84                __fixdfsi
 .text          0x08000ad4       0xa0 C:/ST/STM32CubeIDE_1.16.1/STM32CubeIDE/plugins/com.st.stm32cube.ide.mcu.externaltools.gnu-tools-for-stm32.12.3.rel1.win32_1.0.200.202406191623/tools/bin/../lib/gcc/arm-none-eabi/12.3.1/thumb/v7e-m+fp/hard\libgcc.a(_arm_truncdfsf2.o)
                0x08000ad4                __truncdfsf2
                0x08000ad4                __aeabi_d2f
 .text          0x08000b74      0x21c C:/ST/STM32CubeIDE_1.16.1/STM32CubeIDE/plugins/com.st.stm32cube.ide.mcu.externaltools.gnu-tools-for-stm32.12.3.rel1.win32_1.0.200.202406191623/tools/bin/../lib/gcc/arm-none-eabi/12.3.1/thumb/v7e-m+fp/hard\libgcc.a(_arm_addsubsf3.o)
                0x08000b74                __aeabi_frsub
                0x08000b7c                __subsf3
                0x08000b7c                __aeabi_fsub
                0x08000b80                __aeabi_fadd
                0x08000b80                __addsf3
                0x08000ce0                __aeabi_ui2f
                0x08000ce0                __floatunsisf
                0x08000ce8                __aeabi_i2f
                0x08000ce8                __floatsisf
                0x08000d04                __aeabi_ul2f
                0x08000d04                __floatundisf
                0x08000d14                __aeabi_l2f
                0x08000d14                __floatdisf
 .text          0x08000d90       0x30 C:/ST/STM32CubeIDE_1.16.1/STM32CubeIDE/plugins/com.st.stm32cube.ide.mcu.externaltools.gnu-tools-for-stm32.12.3.rel1.win32_1.0.200.202406191623/tools/bin/../lib/gcc/arm-none-eabi/12.3.1/thumb/v7e-m+fp/hard\libgcc.a(_aeabi_uldivmod.o)
                0x08000d90                __aeabi_uldivmod
 .text          0x08000dc0      0x2bc C:/ST/STM32CubeIDE_1.16.1/STM32CubeIDE/plugins/com.st.stm32cube.ide.mcu.externaltools.gnu-tools-for-stm32.12.3.rel1.win32_1.0.200.202406191623/tools/bin/../lib/gcc/arm-none-eabi/12.3.1/thumb/v7e-m+fp/hard\libgcc.a(_udivmoddi4.o)
                0x08000dc0                __udivmoddi4
 .text          0x0800107c        0x4 C:/ST/STM32CubeIDE_1.16.1/STM32CubeIDE/plugins/com.st.stm32cube.ide.mcu.externaltools.gnu-tools-for-stm32.12.3.rel1.win32_1.0.200.202406191623/tools/bin/../lib/gcc/arm-none-eabi/12.3.1/thumb/v7e-m+fp/hard\libgcc.a(_dvmd_tls.o)
                0x0800107c                __aeabi_idiv0
                0x0800107c                __aeabi_ldiv0
 *(.text*)
 .text.ReadDCBattVoltageFromADC
                0x08001080       0xa0 ./Core/Src/BATTERYInfo.o
                0x08001080                ReadDCBattVoltageFromADC
 .text.BatteryInformation
                0x08001120      0x10c ./Core/Src/BATTERYInfo.o
                0x08001120                BatteryInformation
 .text.Initialize_ZMPT101B
                0x0800122c       0x2c ./Core/Src/ZMPT101BSource.o
                0x0800122c                Initialize_ZMPT101B
 .text.calibrateZeroPointWithTolerance
                0x08001258       0xd0 ./Core/Src/ZMPT101BSource.o
                0x08001258                calibrateZeroPointWithTolerance
 .text.getVoltageACFromDMABuff
                0x08001328      0x1cc ./Core/Src/ZMPT101BSource.o
                0x08001328                getVoltageACFromDMABuff
 .text.MX_ADC1_Init
                0x080014f4       0xc4 ./Core/Src/adc.o
                0x080014f4                MX_ADC1_Init
 .text.HAL_ADC_MspInit
                0x080015b8       0xec ./Core/Src/adc.o
                0x080015b8                HAL_ADC_MspInit
 .text.MX_DMA_Init
                0x080016a4       0x40 ./Core/Src/dma.o
                0x080016a4                MX_DMA_Init
 .text.MX_GPIO_Init
                0x080016e4       0xd4 ./Core/Src/gpio.o
                0x080016e4                MX_GPIO_Init
 .text.main     0x080017b8      0x590 ./Core/Src/main.o
                0x080017b8                main
 .text.SystemClock_Config
                0x08001d48       0xd0 ./Core/Src/main.o
                0x08001d48                SystemClock_Config
 .text.HAL_ADC_ConvCpltCallback
                0x08001e18       0x24 ./Core/Src/main.o
                0x08001e18                HAL_ADC_ConvCpltCallback
 .text.HAL_TIM_PeriodElapsedCallback
                0x08001e3c       0x3c ./Core/Src/main.o
                0x08001e3c                HAL_TIM_PeriodElapsedCallback
 .text.Error_Handler
                0x08001e78        0xc ./Core/Src/main.o
                0x08001e78                Error_Handler
 .text.HAL_MspInit
                0x08001e84       0x50 ./Core/Src/stm32f4xx_hal_msp.o
                0x08001e84                HAL_MspInit
 .text.NMI_Handler
                0x08001ed4        0x8 ./Core/Src/stm32f4xx_it.o
                0x08001ed4                NMI_Handler
 .text.HardFault_Handler
                0x08001edc        0x8 ./Core/Src/stm32f4xx_it.o
                0x08001edc                HardFault_Handler
 .text.MemManage_Handler
                0x08001ee4        0x8 ./Core/Src/stm32f4xx_it.o
                0x08001ee4                MemManage_Handler
 .text.BusFault_Handler
                0x08001eec        0x8 ./Core/Src/stm32f4xx_it.o
                0x08001eec                BusFault_Handler
 .text.UsageFault_Handler
                0x08001ef4        0x8 ./Core/Src/stm32f4xx_it.o
                0x08001ef4                UsageFault_Handler
 .text.SVC_Handler
                0x08001efc        0xe ./Core/Src/stm32f4xx_it.o
                0x08001efc                SVC_Handler
 .text.DebugMon_Handler
                0x08001f0a        0xe ./Core/Src/stm32f4xx_it.o
                0x08001f0a                DebugMon_Handler
 .text.PendSV_Handler
                0x08001f18        0xe ./Core/Src/stm32f4xx_it.o
                0x08001f18                PendSV_Handler
 .text.SysTick_Handler
                0x08001f26        0xc ./Core/Src/stm32f4xx_it.o
                0x08001f26                SysTick_Handler
 *fill*         0x08001f32        0x2 
 .text.TIM1_UP_TIM10_IRQHandler
                0x08001f34       0x14 ./Core/Src/stm32f4xx_it.o
                0x08001f34                TIM1_UP_TIM10_IRQHandler
 .text.DMA2_Stream0_IRQHandler
                0x08001f48       0x14 ./Core/Src/stm32f4xx_it.o
                0x08001f48                DMA2_Stream0_IRQHandler
 .text.SystemInit
                0x08001f5c       0x24 ./Core/Src/system_stm32f4xx.o
                0x08001f5c                SystemInit
 .text.MX_TIM2_Init
                0x08001f80       0x98 ./Core/Src/tim.o
                0x08001f80                MX_TIM2_Init
 .text.MX_TIM10_Init
                0x08002018       0x48 ./Core/Src/tim.o
                0x08002018                MX_TIM10_Init
 .text.HAL_TIM_Base_MspInit
                0x08002060       0x78 ./Core/Src/tim.o
                0x08002060                HAL_TIM_Base_MspInit
 .text.ToggleLedOnBlackPill
                0x080020d8       0x18 ./Core/Src/waweroBasicFunction.o
                0x080020d8                ToggleLedOnBlackPill
 .text.ReadStatusRelay1_UPS
                0x080020f0       0x38 ./Core/Src/waweroBasicFunction.o
                0x080020f0                ReadStatusRelay1_UPS
 .text.ReadStatusRelay2_BATTERY_CHARGE
                0x08002128       0x38 ./Core/Src/waweroBasicFunction.o
                0x08002128                ReadStatusRelay2_BATTERY_CHARGE
 .text.ReadStatusRelay3_LineN
                0x08002160       0x38 ./Core/Src/waweroBasicFunction.o
                0x08002160                ReadStatusRelay3_LineN
 .text.ReadStatusRelay4_LineL
                0x08002198       0x38 ./Core/Src/waweroBasicFunction.o
                0x08002198                ReadStatusRelay4_LineL
 .text.SetRelay1_UPS
                0x080021d0       0x34 ./Core/Src/waweroBasicFunction.o
                0x080021d0                SetRelay1_UPS
 .text.SetRelay2_BATTERY_CHARGE
                0x08002204       0x34 ./Core/Src/waweroBasicFunction.o
                0x08002204                SetRelay2_BATTERY_CHARGE
 .text.SetRelay3_LineN
                0x08002238       0x34 ./Core/Src/waweroBasicFunction.o
                0x08002238                SetRelay3_LineN
 .text.SetRelay4_LineL
                0x0800226c       0x34 ./Core/Src/waweroBasicFunction.o
                0x0800226c                SetRelay4_LineL
 .text.DelayInit
                0x080022a0       0x54 ./Core/Src/waweroBasicFunction.o
                0x080022a0                DelayInit
 .text.DelayUS  0x080022f4       0x50 ./Core/Src/waweroBasicFunction.o
                0x080022f4                DelayUS
 .text.Reset_Handler
                0x08002344       0x50 ./Core/Startup/startup_stm32f411ceux.o
                0x08002344                Reset_Handler
 .text.Default_Handler
                0x08002394        0x2 ./Core/Startup/startup_stm32f411ceux.o
                0x08002394                RTC_Alarm_IRQHandler
                0x08002394                EXTI2_IRQHandler
                0x08002394                SPI4_IRQHandler
                0x08002394                TIM1_CC_IRQHandler
                0x08002394                DMA2_Stream5_IRQHandler
                0x08002394                DMA1_Stream5_IRQHandler
                0x08002394                PVD_IRQHandler
                0x08002394                SDIO_IRQHandler
                0x08002394                TAMP_STAMP_IRQHandler
                0x08002394                EXTI3_IRQHandler
                0x08002394                I2C3_ER_IRQHandler
                0x08002394                EXTI0_IRQHandler
                0x08002394                I2C2_EV_IRQHandler
                0x08002394                DMA1_Stream2_IRQHandler
                0x08002394                FPU_IRQHandler
                0x08002394                DMA2_Stream2_IRQHandler
                0x08002394                SPI1_IRQHandler
                0x08002394                TIM1_BRK_TIM9_IRQHandler
                0x08002394                DMA2_Stream3_IRQHandler
                0x08002394                USART6_IRQHandler
                0x08002394                TIM4_IRQHandler
                0x08002394                I2C1_EV_IRQHandler
                0x08002394                DMA1_Stream6_IRQHandler
                0x08002394                DMA1_Stream1_IRQHandler
                0x08002394                TIM3_IRQHandler
                0x08002394                RCC_IRQHandler
                0x08002394                Default_Handler
                0x08002394                EXTI15_10_IRQHandler
                0x08002394                ADC_IRQHandler
                0x08002394                DMA1_Stream7_IRQHandler
                0x08002394                SPI5_IRQHandler
                0x08002394                TIM5_IRQHandler
                0x08002394                DMA2_Stream7_IRQHandler
                0x08002394                I2C3_EV_IRQHandler
                0x08002394                EXTI9_5_IRQHandler
                0x08002394                RTC_WKUP_IRQHandler
                0x08002394                SPI2_IRQHandler
                0x08002394                DMA1_Stream0_IRQHandler
                0x08002394                EXTI4_IRQHandler
                0x08002394                WWDG_IRQHandler
                0x08002394                TIM2_IRQHandler
                0x08002394                OTG_FS_WKUP_IRQHandler
                0x08002394                TIM1_TRG_COM_TIM11_IRQHandler
                0x08002394                EXTI1_IRQHandler
                0x08002394                USART2_IRQHandler
                0x08002394                I2C2_ER_IRQHandler
                0x08002394                DMA2_Stream1_IRQHandler
                0x08002394                FLASH_IRQHandler
                0x08002394                DMA2_Stream4_IRQHandler
                0x08002394                USART1_IRQHandler
                0x08002394                OTG_FS_IRQHandler
                0x08002394                SPI3_IRQHandler
                0x08002394                DMA1_Stream4_IRQHandler
                0x08002394                I2C1_ER_IRQHandler
                0x08002394                DMA2_Stream6_IRQHandler
                0x08002394                DMA1_Stream3_IRQHandler
 *fill*         0x08002396        0x2 
 .text.HAL_Init
                0x08002398       0x44 ./Drivers/STM32F4xx_HAL_Driver/Src/stm32f4xx_hal.o
                0x08002398                HAL_Init
 .text.HAL_InitTick
                0x080023dc       0x60 ./Drivers/STM32F4xx_HAL_Driver/Src/stm32f4xx_hal.o
                0x080023dc                HAL_InitTick
 .text.HAL_IncTick
                0x0800243c       0x28 ./Drivers/STM32F4xx_HAL_Driver/Src/stm32f4xx_hal.o
                0x0800243c                HAL_IncTick
 .text.HAL_GetTick
                0x08002464       0x18 ./Drivers/STM32F4xx_HAL_Driver/Src/stm32f4xx_hal.o
                0x08002464                HAL_GetTick
 .text.HAL_ADC_Init
                0x0800247c       0x86 ./Drivers/STM32F4xx_HAL_Driver/Src/stm32f4xx_hal_adc.o
                0x0800247c                HAL_ADC_Init
 *fill*         0x08002502        0x2 
 .text.HAL_ADC_Start_DMA
                0x08002504      0x1e0 ./Drivers/STM32F4xx_HAL_Driver/Src/stm32f4xx_hal_adc.o
                0x08002504                HAL_ADC_Start_DMA
 .text.HAL_ADC_Stop_DMA
                0x080026e4       0xb4 ./Drivers/STM32F4xx_HAL_Driver/Src/stm32f4xx_hal_adc.o
                0x080026e4                HAL_ADC_Stop_DMA
 .text.HAL_ADC_ConvHalfCpltCallback
                0x08002798       0x14 ./Drivers/STM32F4xx_HAL_Driver/Src/stm32f4xx_hal_adc.o
                0x08002798                HAL_ADC_ConvHalfCpltCallback
 .text.HAL_ADC_ErrorCallback
                0x080027ac       0x14 ./Drivers/STM32F4xx_HAL_Driver/Src/stm32f4xx_hal_adc.o
                0x080027ac                HAL_ADC_ErrorCallback
 .text.HAL_ADC_ConfigChannel
                0x080027c0      0x264 ./Drivers/STM32F4xx_HAL_Driver/Src/stm32f4xx_hal_adc.o
                0x080027c0                HAL_ADC_ConfigChannel
 .text.ADC_Init
                0x08002a24      0x1f8 ./Drivers/STM32F4xx_HAL_Driver/Src/stm32f4xx_hal_adc.o
 .text.ADC_DMAConvCplt
                0x08002c1c       0xba ./Drivers/STM32F4xx_HAL_Driver/Src/stm32f4xx_hal_adc.o
 .text.ADC_DMAHalfConvCplt
                0x08002cd6       0x1c ./Drivers/STM32F4xx_HAL_Driver/Src/stm32f4xx_hal_adc.o
 .text.ADC_DMAError
                0x08002cf2       0x2e ./Drivers/STM32F4xx_HAL_Driver/Src/stm32f4xx_hal_adc.o
 .text.__NVIC_SetPriorityGrouping
                0x08002d20       0x48 ./Drivers/STM32F4xx_HAL_Driver/Src/stm32f4xx_hal_cortex.o
 .text.__NVIC_GetPriorityGrouping
                0x08002d68       0x1c ./Drivers/STM32F4xx_HAL_Driver/Src/stm32f4xx_hal_cortex.o
 .text.__NVIC_EnableIRQ
                0x08002d84       0x3c ./Drivers/STM32F4xx_HAL_Driver/Src/stm32f4xx_hal_cortex.o
 .text.__NVIC_SetPriority
                0x08002dc0       0x54 ./Drivers/STM32F4xx_HAL_Driver/Src/stm32f4xx_hal_cortex.o
 .text.NVIC_EncodePriority
                0x08002e14       0x66 ./Drivers/STM32F4xx_HAL_Driver/Src/stm32f4xx_hal_cortex.o
 *fill*         0x08002e7a        0x2 
 .text.SysTick_Config
                0x08002e7c       0x44 ./Drivers/STM32F4xx_HAL_Driver/Src/stm32f4xx_hal_cortex.o
 .text.HAL_NVIC_SetPriorityGrouping
                0x08002ec0       0x16 ./Drivers/STM32F4xx_HAL_Driver/Src/stm32f4xx_hal_cortex.o
                0x08002ec0                HAL_NVIC_SetPriorityGrouping
 .text.HAL_NVIC_SetPriority
                0x08002ed6       0x38 ./Drivers/STM32F4xx_HAL_Driver/Src/stm32f4xx_hal_cortex.o
                0x08002ed6                HAL_NVIC_SetPriority
 .text.HAL_NVIC_EnableIRQ
                0x08002f0e       0x1c ./Drivers/STM32F4xx_HAL_Driver/Src/stm32f4xx_hal_cortex.o
                0x08002f0e                HAL_NVIC_EnableIRQ
 .text.HAL_SYSTICK_Config
                0x08002f2a       0x18 ./Drivers/STM32F4xx_HAL_Driver/Src/stm32f4xx_hal_cortex.o
                0x08002f2a                HAL_SYSTICK_Config
 *fill*         0x08002f42        0x2 
 .text.HAL_DMA_Init
                0x08002f44      0x15c ./Drivers/STM32F4xx_HAL_Driver/Src/stm32f4xx_hal_dma.o
                0x08002f44                HAL_DMA_Init
 .text.HAL_DMA_Start_IT
                0x080030a0       0xb0 ./Drivers/STM32F4xx_HAL_Driver/Src/stm32f4xx_hal_dma.o
                0x080030a0                HAL_DMA_Start_IT
 .text.HAL_DMA_Abort
                0x08003150       0xe0 ./Drivers/STM32F4xx_HAL_Driver/Src/stm32f4xx_hal_dma.o
                0x08003150                HAL_DMA_Abort
 .text.HAL_DMA_IRQHandler
                0x08003230      0x314 ./Drivers/STM32F4xx_HAL_Driver/Src/stm32f4xx_hal_dma.o
                0x08003230                HAL_DMA_IRQHandler
 .text.DMA_SetConfig
                0x08003544       0x5c ./Drivers/STM32F4xx_HAL_Driver/Src/stm32f4xx_hal_dma.o
 .text.DMA_CalcBaseAndBitshift
                0x080035a0       0x6c ./Drivers/STM32F4xx_HAL_Driver/Src/stm32f4xx_hal_dma.o
 .text.DMA_CheckFifoParam
                0x0800360c       0xf8 ./Drivers/STM32F4xx_HAL_Driver/Src/stm32f4xx_hal_dma.o
 .text.HAL_GPIO_Init
                0x08003704      0x308 ./Drivers/STM32F4xx_HAL_Driver/Src/stm32f4xx_hal_gpio.o
                0x08003704                HAL_GPIO_Init
 .text.HAL_GPIO_ReadPin
                0x08003a0c       0x30 ./Drivers/STM32F4xx_HAL_Driver/Src/stm32f4xx_hal_gpio.o
                0x08003a0c                HAL_GPIO_ReadPin
 .text.HAL_GPIO_WritePin
                0x08003a3c       0x32 ./Drivers/STM32F4xx_HAL_Driver/Src/stm32f4xx_hal_gpio.o
                0x08003a3c                HAL_GPIO_WritePin
 .text.HAL_GPIO_TogglePin
                0x08003a6e       0x34 ./Drivers/STM32F4xx_HAL_Driver/Src/stm32f4xx_hal_gpio.o
                0x08003a6e                HAL_GPIO_TogglePin
 *fill*         0x08003aa2        0x2 
 .text.HAL_RCC_OscConfig
                0x08003aa4      0x4f0 ./Drivers/STM32F4xx_HAL_Driver/Src/stm32f4xx_hal_rcc.o
                0x08003aa4                HAL_RCC_OscConfig
 .text.HAL_RCC_ClockConfig
                0x08003f94      0x1cc ./Drivers/STM32F4xx_HAL_Driver/Src/stm32f4xx_hal_rcc.o
                0x08003f94                HAL_RCC_ClockConfig
 .text.HAL_RCC_GetSysClockFreq
                0x08004160      0x18c ./Drivers/STM32F4xx_HAL_Driver/Src/stm32f4xx_hal_rcc.o
                0x08004160                HAL_RCC_GetSysClockFreq
 .text.HAL_TIM_Base_Init
                0x080042ec       0x9e ./Drivers/STM32F4xx_HAL_Driver/Src/stm32f4xx_hal_tim.o
                0x080042ec                HAL_TIM_Base_Init
 *fill*         0x0800438a        0x2 
 .text.HAL_TIM_Base_Start
                0x0800438c       0xb4 ./Drivers/STM32F4xx_HAL_Driver/Src/stm32f4xx_hal_tim.o
                0x0800438c                HAL_TIM_Base_Start
 .text.HAL_TIM_Base_Start_IT
                0x08004440       0xc4 ./Drivers/STM32F4xx_HAL_Driver/Src/stm32f4xx_hal_tim.o
                0x08004440                HAL_TIM_Base_Start_IT
 .text.HAL_TIM_IRQHandler
                0x08004504      0x1e0 ./Drivers/STM32F4xx_HAL_Driver/Src/stm32f4xx_hal_tim.o
                0x08004504                HAL_TIM_IRQHandler
 .text.HAL_TIM_ConfigClockSource
                0x080046e4      0x18e ./Drivers/STM32F4xx_HAL_Driver/Src/stm32f4xx_hal_tim.o
                0x080046e4                HAL_TIM_ConfigClockSource
 .text.HAL_TIM_OC_DelayElapsedCallback
                0x08004872       0x14 ./Drivers/STM32F4xx_HAL_Driver/Src/stm32f4xx_hal_tim.o
                0x08004872                HAL_TIM_OC_DelayElapsedCallback
 .text.HAL_TIM_IC_CaptureCallback
                0x08004886       0x14 ./Drivers/STM32F4xx_HAL_Driver/Src/stm32f4xx_hal_tim.o
                0x08004886                HAL_TIM_IC_CaptureCallback
 .text.HAL_TIM_PWM_PulseFinishedCallback
                0x0800489a       0x14 ./Drivers/STM32F4xx_HAL_Driver/Src/stm32f4xx_hal_tim.o
                0x0800489a                HAL_TIM_PWM_PulseFinishedCallback
 .text.HAL_TIM_TriggerCallback
                0x080048ae       0x14 ./Drivers/STM32F4xx_HAL_Driver/Src/stm32f4xx_hal_tim.o
                0x080048ae                HAL_TIM_TriggerCallback
 *fill*         0x080048c2        0x2 
 .text.TIM_Base_SetConfig
                0x080048c4      0x118 ./Drivers/STM32F4xx_HAL_Driver/Src/stm32f4xx_hal_tim.o
                0x080048c4                TIM_Base_SetConfig
 .text.TIM_TI1_ConfigInputStage
                0x080049dc       0x5e ./Drivers/STM32F4xx_HAL_Driver/Src/stm32f4xx_hal_tim.o
 .text.TIM_TI2_ConfigInputStage
                0x08004a3a       0x60 ./Drivers/STM32F4xx_HAL_Driver/Src/stm32f4xx_hal_tim.o
 .text.TIM_ITRx_SetConfig
                0x08004a9a       0x36 ./Drivers/STM32F4xx_HAL_Driver/Src/stm32f4xx_hal_tim.o
 .text.TIM_ETR_SetConfig
                0x08004ad0       0x40 ./Drivers/STM32F4xx_HAL_Driver/Src/stm32f4xx_hal_tim.o
                0x08004ad0                TIM_ETR_SetConfig
 .text.HAL_TIMEx_MasterConfigSynchronization
                0x08004b10       0xdc ./Drivers/STM32F4xx_HAL_Driver/Src/stm32f4xx_hal_tim_ex.o
                0x08004b10                HAL_TIMEx_MasterConfigSynchronization
 .text.HAL_TIMEx_CommutCallback
                0x08004bec       0x14 ./Drivers/STM32F4xx_HAL_Driver/Src/stm32f4xx_hal_tim_ex.o
                0x08004bec                HAL_TIMEx_CommutCallback
 .text.HAL_TIMEx_BreakCallback
                0x08004c00       0x14 ./Drivers/STM32F4xx_HAL_Driver/Src/stm32f4xx_hal_tim_ex.o
                0x08004c00                HAL_TIMEx_BreakCallback
 .text.memset   0x08004c14       0x10 C:/ST/STM32CubeIDE_1.16.1/STM32CubeIDE/plugins/com.st.stm32cube.ide.mcu.externaltools.gnu-tools-for-stm32.12.3.rel1.win32_1.0.200.202406191623/tools/bin/../lib/gcc/arm-none-eabi/12.3.1/../../../../arm-none-eabi/lib/thumb/v7e-m+fp/hard\libc_nano.a(libc_a-memset.o)
                0x08004c14                memset
 .text.__errno  0x08004c24        0xc C:/ST/STM32CubeIDE_1.16.1/STM32CubeIDE/plugins/com.st.stm32cube.ide.mcu.externaltools.gnu-tools-for-stm32.12.3.rel1.win32_1.0.200.202406191623/tools/bin/../lib/gcc/arm-none-eabi/12.3.1/../../../../arm-none-eabi/lib/thumb/v7e-m+fp/hard\libc_nano.a(libc_a-errno.o)
                0x08004c24                __errno
 .text.__libc_init_array
                0x08004c30       0x48 C:/ST/STM32CubeIDE_1.16.1/STM32CubeIDE/plugins/com.st.stm32cube.ide.mcu.externaltools.gnu-tools-for-stm32.12.3.rel1.win32_1.0.200.202406191623/tools/bin/../lib/gcc/arm-none-eabi/12.3.1/../../../../arm-none-eabi/lib/thumb/v7e-m+fp/hard\libc_nano.a(libc_a-init.o)
                0x08004c30                __libc_init_array
 .text.sqrtf    0x08004c78       0x3c C:/ST/STM32CubeIDE_1.16.1/STM32CubeIDE/plugins/com.st.stm32cube.ide.mcu.externaltools.gnu-tools-for-stm32.12.3.rel1.win32_1.0.200.202406191623/tools/bin/../lib/gcc/arm-none-eabi/12.3.1/../../../../arm-none-eabi/lib/thumb/v7e-m+fp/hard\libm.a(libm_a-wf_sqrt.o)
                0x08004c78                sqrtf
 .text.__ieee754_sqrtf
                0x08004cb4        0x6 C:/ST/STM32CubeIDE_1.16.1/STM32CubeIDE/plugins/com.st.stm32cube.ide.mcu.externaltools.gnu-tools-for-stm32.12.3.rel1.win32_1.0.200.202406191623/tools/bin/../lib/gcc/arm-none-eabi/12.3.1/../../../../arm-none-eabi/lib/thumb/v7e-m+fp/hard\libm.a(libm_a-ef_sqrt.o)
                0x08004cb4                __ieee754_sqrtf
 *(.glue_7)
 .glue_7        0x08004cba        0x0 linker stubs
 *(.glue_7t)
 .glue_7t       0x08004cba        0x0 linker stubs
 *(.eh_frame)
 *fill*         0x08004cba        0x2 
 .eh_frame      0x08004cbc        0x0 C:/ST/STM32CubeIDE_1.16.1/STM32CubeIDE/plugins/com.st.stm32cube.ide.mcu.externaltools.gnu-tools-for-stm32.12.3.rel1.win32_1.0.200.202406191623/tools/bin/../lib/gcc/arm-none-eabi/12.3.1/thumb/v7e-m+fp/hard/crtbegin.o
 *(.init)
 .init          0x08004cbc        0x4 C:/ST/STM32CubeIDE_1.16.1/STM32CubeIDE/plugins/com.st.stm32cube.ide.mcu.externaltools.gnu-tools-for-stm32.12.3.rel1.win32_1.0.200.202406191623/tools/bin/../lib/gcc/arm-none-eabi/12.3.1/thumb/v7e-m+fp/hard/crti.o
                0x08004cbc                _init
 .init          0x08004cc0        0x8 C:/ST/STM32CubeIDE_1.16.1/STM32CubeIDE/plugins/com.st.stm32cube.ide.mcu.externaltools.gnu-tools-for-stm32.12.3.rel1.win32_1.0.200.202406191623/tools/bin/../lib/gcc/arm-none-eabi/12.3.1/thumb/v7e-m+fp/hard/crtn.o
 *(.fini)
 .fini          0x08004cc8        0x4 C:/ST/STM32CubeIDE_1.16.1/STM32CubeIDE/plugins/com.st.stm32cube.ide.mcu.externaltools.gnu-tools-for-stm32.12.3.rel1.win32_1.0.200.202406191623/tools/bin/../lib/gcc/arm-none-eabi/12.3.1/thumb/v7e-m+fp/hard/crti.o
                0x08004cc8                _fini
 .fini          0x08004ccc        0x8 C:/ST/STM32CubeIDE_1.16.1/STM32CubeIDE/plugins/com.st.stm32cube.ide.mcu.externaltools.gnu-tools-for-stm32.12.3.rel1.win32_1.0.200.202406191623/tools/bin/../lib/gcc/arm-none-eabi/12.3.1/thumb/v7e-m+fp/hard/crtn.o
                0x08004cd4                        . = ALIGN (0x4)
                0x08004cd4                        _etext = .

.vfp11_veneer   0x08004cd4        0x0
 .vfp11_veneer  0x08004cd4        0x0 linker stubs

.v4_bx          0x08004cd4        0x0
 .v4_bx         0x08004cd4        0x0 linker stubs

.iplt           0x08004cd4        0x0
 .iplt          0x08004cd4        0x0 C:/ST/STM32CubeIDE_1.16.1/STM32CubeIDE/plugins/com.st.stm32cube.ide.mcu.externaltools.gnu-tools-for-stm32.12.3.rel1.win32_1.0.200.202406191623/tools/bin/../lib/gcc/arm-none-eabi/12.3.1/thumb/v7e-m+fp/hard/crtbegin.o

.rodata         0x08004cd4       0x18
                0x08004cd4                        . = ALIGN (0x4)
 *(.rodata)
 *(.rodata*)
 .rodata.AHBPrescTable
                0x08004cd4       0x10 ./Core/Src/system_stm32f4xx.o
                0x08004cd4                AHBPrescTable
 .rodata.flagBitshiftOffset.0
                0x08004ce4        0x8 ./Drivers/STM32F4xx_HAL_Driver/Src/stm32f4xx_hal_dma.o
                0x08004cec                        . = ALIGN (0x4)

.ARM.extab      0x08004cec        0x0
                0x08004cec                        . = ALIGN (0x4)
 *(.ARM.extab* .gnu.linkonce.armextab.*)
                0x08004cec                        . = ALIGN (0x4)

.ARM            0x08004cec        0x8
                0x08004cec                        . = ALIGN (0x4)
                0x08004cec                        __exidx_start = .
 *(.ARM.exidx*)
 .ARM.exidx     0x08004cec        0x8 C:/ST/STM32CubeIDE_1.16.1/STM32CubeIDE/plugins/com.st.stm32cube.ide.mcu.externaltools.gnu-tools-for-stm32.12.3.rel1.win32_1.0.200.202406191623/tools/bin/../lib/gcc/arm-none-eabi/12.3.1/thumb/v7e-m+fp/hard\libgcc.a(_udivmoddi4.o)
                0x08004cf4                        __exidx_end = .
                0x08004cf4                        . = ALIGN (0x4)

.preinit_array  0x08004cf4        0x0
                0x08004cf4                        . = ALIGN (0x4)
                0x08004cf4                        PROVIDE (__preinit_array_start = .)
 *(.preinit_array*)
                0x08004cf4                        PROVIDE (__preinit_array_end = .)
                0x08004cf4                        . = ALIGN (0x4)

.init_array     0x08004cf4        0x4
                0x08004cf4                        . = ALIGN (0x4)
                0x08004cf4                        PROVIDE (__init_array_start = .)
 *(SORT_BY_NAME(.init_array.*))
 *(.init_array*)
 .init_array    0x08004cf4        0x4 C:/ST/STM32CubeIDE_1.16.1/STM32CubeIDE/plugins/com.st.stm32cube.ide.mcu.externaltools.gnu-tools-for-stm32.12.3.rel1.win32_1.0.200.202406191623/tools/bin/../lib/gcc/arm-none-eabi/12.3.1/thumb/v7e-m+fp/hard/crtbegin.o
                0x08004cf8                        PROVIDE (__init_array_end = .)
                0x08004cf8                        . = ALIGN (0x4)

.fini_array     0x08004cf8        0x4
                0x08004cf8                        . = ALIGN (0x4)
                [!provide]                        PROVIDE (__fini_array_start = .)
 *(SORT_BY_NAME(.fini_array.*))
 *(.fini_array*)
 .fini_array    0x08004cf8        0x4 C:/ST/STM32CubeIDE_1.16.1/STM32CubeIDE/plugins/com.st.stm32cube.ide.mcu.externaltools.gnu-tools-for-stm32.12.3.rel1.win32_1.0.200.202406191623/tools/bin/../lib/gcc/arm-none-eabi/12.3.1/thumb/v7e-m+fp/hard/crtbegin.o
                [!provide]                        PROVIDE (__fini_array_end = .)
                0x08004cfc                        . = ALIGN (0x4)
                0x08004cfc                        _sidata = LOADADDR (.data)

.rel.dyn        0x08004cfc        0x0
 .rel.iplt      0x08004cfc        0x0 C:/ST/STM32CubeIDE_1.16.1/STM32CubeIDE/plugins/com.st.stm32cube.ide.mcu.externaltools.gnu-tools-for-stm32.12.3.rel1.win32_1.0.200.202406191623/tools/bin/../lib/gcc/arm-none-eabi/12.3.1/thumb/v7e-m+fp/hard/crtbegin.o

.data           0x20000000       0x7c load address 0x08004cfc
                0x20000000                        . = ALIGN (0x4)
                0x20000000                        _sdata = .
 *(.data)
 *(.data*)
 .data.zero     0x20000000        0x4 ./Core/Src/ZMPT101BSource.o
                0x20000000                zero
 .data.min      0x20000004        0x4 ./Core/Src/ZMPT101BSource.o
                0x20000004                min
 .data.Vref     0x20000008        0x4 ./Core/Src/ZMPT101BSource.o
                0x20000008                Vref
 .data.BatteryChargingTimeLONG
                0x2000000c        0x4 ./Core/Src/main.o
                0x2000000c                BatteryChargingTimeLONG
 .data.BatteryChargingTimeSHORT
                0x20000010        0x4 ./Core/Src/main.o
                0x20000010                BatteryChargingTimeSHORT
 .data.VoltageAC
                0x20000014        0x4 ./Core/Src/main.o
                0x20000014                VoltageAC
 .data.VoltageDrop
                0x20000018        0x4 ./Core/Src/main.o
                0x20000018                VoltageDrop
 .data.WaitMS   0x2000001c        0x4 ./Core/Src/main.o
                0x2000001c                WaitMS
 .data.SystemCoreClock
                0x20000020        0x4 ./Core/Src/system_stm32f4xx.o
                0x20000020                SystemCoreClock
 .data.uwTickPrio
                0x20000024        0x4 ./Drivers/STM32F4xx_HAL_Driver/Src/stm32f4xx_hal.o
                0x20000024                uwTickPrio
 .data.uwTickFreq
                0x20000028        0x1 ./Drivers/STM32F4xx_HAL_Driver/Src/stm32f4xx_hal.o
                0x20000028                uwTickFreq
 *fill*         0x20000029        0x3 
 .data._impure_ptr
                0x2000002c        0x4 C:/ST/STM32CubeIDE_1.16.1/STM32CubeIDE/plugins/com.st.stm32cube.ide.mcu.externaltools.gnu-tools-for-stm32.12.3.rel1.win32_1.0.200.202406191623/tools/bin/../lib/gcc/arm-none-eabi/12.3.1/../../../../arm-none-eabi/lib/thumb/v7e-m+fp/hard\libc_nano.a(libc_a-impure.o)
                0x2000002c                _impure_ptr
 .data._impure_data
                0x20000030       0x4c C:/ST/STM32CubeIDE_1.16.1/STM32CubeIDE/plugins/com.st.stm32cube.ide.mcu.externaltools.gnu-tools-for-stm32.12.3.rel1.win32_1.0.200.202406191623/tools/bin/../lib/gcc/arm-none-eabi/12.3.1/../../../../arm-none-eabi/lib/thumb/v7e-m+fp/hard\libc_nano.a(libc_a-impure.o)
                0x20000030                _impure_data
 *(.RamFunc)
 *(.RamFunc*)
                0x2000007c                        . = ALIGN (0x4)
                0x2000007c                        _edata = .

.igot.plt       0x2000007c        0x0 load address 0x08004d78
 .igot.plt      0x2000007c        0x0 C:/ST/STM32CubeIDE_1.16.1/STM32CubeIDE/plugins/com.st.stm32cube.ide.mcu.externaltools.gnu-tools-for-stm32.12.3.rel1.win32_1.0.200.202406191623/tools/bin/../lib/gcc/arm-none-eabi/12.3.1/thumb/v7e-m+fp/hard/crtbegin.o
                0x2000007c                        . = ALIGN (0x4)

.bss            0x2000007c      0xaac load address 0x08004d78
                0x2000007c                        _sbss = .
                0x2000007c                        __bss_start__ = _sbss
 *(.bss)
 .bss           0x2000007c       0x1c C:/ST/STM32CubeIDE_1.16.1/STM32CubeIDE/plugins/com.st.stm32cube.ide.mcu.externaltools.gnu-tools-for-stm32.12.3.rel1.win32_1.0.200.202406191623/tools/bin/../lib/gcc/arm-none-eabi/12.3.1/thumb/v7e-m+fp/hard/crtbegin.o
 *(.bss*)
 .bss.max       0x20000098        0x4 ./Core/Src/ZMPT101BSource.o
                0x20000098                max
 .bss.sensitivity
                0x2000009c        0x4 ./Core/Src/ZMPT101BSource.o
                0x2000009c                sensitivity
 .bss.hadc      0x200000a0        0x4 ./Core/Src/ZMPT101BSource.o
                0x200000a0                hadc
 .bss.hadc1     0x200000a4       0x48 ./Core/Src/adc.o
                0x200000a4                hadc1
 .bss.hdma_adc1
                0x200000ec       0x60 ./Core/Src/adc.o
                0x200000ec                hdma_adc1
 .bss.calculateBattVoltage
                0x2000014c        0x1 ./Core/Src/main.o
                0x2000014c                calculateBattVoltage
 .bss.adc_ready
                0x2000014d        0x1 ./Core/Src/main.o
                0x2000014d                adc_ready
 .bss.DMA_AC_AdjustSensivity
                0x2000014e        0x1 ./Core/Src/main.o
                0x2000014e                DMA_AC_AdjustSensivity
 *fill*         0x2000014f        0x1 
 .bss.relayUpsStatus
                0x20000150        0x4 ./Core/Src/main.o
                0x20000150                relayUpsStatus
 .bss.relayBatteryCharging
                0x20000154        0x4 ./Core/Src/main.o
                0x20000154                relayBatteryCharging
 .bss.relayLineNStatus
                0x20000158        0x4 ./Core/Src/main.o
                0x20000158                relayLineNStatus
 .bss.relayLineLStatus
                0x2000015c        0x4 ./Core/Src/main.o
                0x2000015c                relayLineLStatus
 .bss.Buffer_DC_TableCount
                0x20000160        0x4 ./Core/Src/main.o
                0x20000160                Buffer_DC_TableCount
 .bss.Buffer_AC_TableCount
                0x20000164        0x4 ./Core/Src/main.o
                0x20000164                Buffer_AC_TableCount
 .bss.DMA_DC_Was_Filled
                0x20000168        0x1 ./Core/Src/main.o
                0x20000168                DMA_DC_Was_Filled
 .bss.DMA_AC_Was_Filled
                0x20000169        0x1 ./Core/Src/main.o
                0x20000169                DMA_AC_Was_Filled
 *fill*         0x2000016a        0x2 
 .bss.VoltageDCBattery
                0x2000016c        0x4 ./Core/Src/main.o
                0x2000016c                VoltageDCBattery
 .bss.BatteryStatus
                0x20000170        0x1 ./Core/Src/main.o
                0x20000170                BatteryStatus
 .bss.BatteryCharging
                0x20000171        0x1 ./Core/Src/main.o
                0x20000171                BatteryCharging
 *fill*         0x20000172        0x2 
 .bss.BatteryChargingStartTime
                0x20000174        0x4 ./Core/Src/main.o
                0x20000174                BatteryChargingStartTime
 .bss.BatteryChargingTime
                0x20000178        0x4 ./Core/Src/main.o
                0x20000178                BatteryChargingTime
 .bss.inrementOneSecTim
                0x2000017c        0x4 ./Core/Src/main.o
                0x2000017c                inrementOneSecTim
 .bss.WorkingOnBattery
                0x20000180        0x1 ./Core/Src/main.o
                0x20000180                WorkingOnBattery
 .bss.WasDischarded
                0x20000181        0x1 ./Core/Src/main.o
                0x20000181                WasDischarded
 *fill*         0x20000182        0x2 
 .bss.ADC_DC_BATTERY_TABLE
                0x20000184      0x190 ./Core/Src/main.o
                0x20000184                ADC_DC_BATTERY_TABLE
 .bss.ADC_AC_POWER_TABLE
                0x20000314      0x640 ./Core/Src/main.o
                0x20000314                ADC_AC_POWER_TABLE
 .bss.adc_buffer
                0x20000954        0x8 ./Core/Src/main.o
                0x20000954                adc_buffer
 .bss.htim2     0x2000095c       0x48 ./Core/Src/tim.o
                0x2000095c                htim2
 .bss.htim10    0x200009a4       0x48 ./Core/Src/tim.o
                0x200009a4                htim10
 .bss.uwTick    0x200009ec        0x4 ./Drivers/STM32F4xx_HAL_Driver/Src/stm32f4xx_hal.o
                0x200009ec                uwTick
 .bss.__sf      0x200009f0      0x138 C:/ST/STM32CubeIDE_1.16.1/STM32CubeIDE/plugins/com.st.stm32cube.ide.mcu.externaltools.gnu-tools-for-stm32.12.3.rel1.win32_1.0.200.202406191623/tools/bin/../lib/gcc/arm-none-eabi/12.3.1/../../../../arm-none-eabi/lib/thumb/v7e-m+fp/hard\libc_nano.a(libc_a-findfp.o)
                0x200009f0                __sf
 *(COMMON)
                0x20000b28                        . = ALIGN (0x4)
                0x20000b28                        _ebss = .
                0x20000b28                        __bss_end__ = _ebss

._user_heap_stack
                0x20000b28      0x600 load address 0x08004d78
                0x20000b28                        . = ALIGN (0x8)
                [!provide]                        PROVIDE (end = .)
                0x20000b28                        PROVIDE (_end = .)
                0x20000d28                        . = (. + _Min_Heap_Size)
 *fill*         0x20000b28      0x200 
                0x20001128                        . = (. + _Min_Stack_Size)
 *fill*         0x20000d28      0x400 
                0x20001128                        . = ALIGN (0x8)

/DISCARD/
 libc.a(*)
 libm.a(*)
 libgcc.a(*)

.ARM.attributes
                0x00000000       0x30
 *(.ARM.attributes)
 .ARM.attributes
                0x00000000       0x22 C:/ST/STM32CubeIDE_1.16.1/STM32CubeIDE/plugins/com.st.stm32cube.ide.mcu.externaltools.gnu-tools-for-stm32.12.3.rel1.win32_1.0.200.202406191623/tools/bin/../lib/gcc/arm-none-eabi/12.3.1/thumb/v7e-m+fp/hard/crti.o
 .ARM.attributes
                0x00000022       0x34 C:/ST/STM32CubeIDE_1.16.1/STM32CubeIDE/plugins/com.st.stm32cube.ide.mcu.externaltools.gnu-tools-for-stm32.12.3.rel1.win32_1.0.200.202406191623/tools/bin/../lib/gcc/arm-none-eabi/12.3.1/thumb/v7e-m+fp/hard/crtbegin.o
 .ARM.attributes
                0x00000056       0x34 ./Core/Src/BATTERYInfo.o
 .ARM.attributes
                0x0000008a       0x34 ./Core/Src/ZMPT101BSource.o
 .ARM.attributes
                0x000000be       0x34 ./Core/Src/adc.o
 .ARM.attributes
                0x000000f2       0x34 ./Core/Src/dma.o
 .ARM.attributes
                0x00000126       0x34 ./Core/Src/gpio.o
 .ARM.attributes
                0x0000015a       0x34 ./Core/Src/main.o
 .ARM.attributes
                0x0000018e       0x34 ./Core/Src/stm32f4xx_hal_msp.o
 .ARM.attributes
                0x000001c2       0x34 ./Core/Src/stm32f4xx_it.o
 .ARM.attributes
                0x000001f6       0x34 ./Core/Src/system_stm32f4xx.o
 .ARM.attributes
                0x0000022a       0x34 ./Core/Src/tim.o
 .ARM.attributes
                0x0000025e       0x34 ./Core/Src/waweroBasicFunction.o
 .ARM.attributes
                0x00000292       0x21 ./Core/Startup/startup_stm32f411ceux.o
 .ARM.attributes
                0x000002b3       0x34 ./Drivers/STM32F4xx_HAL_Driver/Src/stm32f4xx_hal.o
 .ARM.attributes
                0x000002e7       0x34 ./Drivers/STM32F4xx_HAL_Driver/Src/stm32f4xx_hal_adc.o
 .ARM.attributes
                0x0000031b       0x34 ./Drivers/STM32F4xx_HAL_Driver/Src/stm32f4xx_hal_cortex.o
 .ARM.attributes
                0x0000034f       0x34 ./Drivers/STM32F4xx_HAL_Driver/Src/stm32f4xx_hal_dma.o
 .ARM.attributes
                0x00000383       0x34 ./Drivers/STM32F4xx_HAL_Driver/Src/stm32f4xx_hal_gpio.o
 .ARM.attributes
                0x000003b7       0x34 ./Drivers/STM32F4xx_HAL_Driver/Src/stm32f4xx_hal_rcc.o
 .ARM.attributes
                0x000003eb       0x34 ./Drivers/STM32F4xx_HAL_Driver/Src/stm32f4xx_hal_tim.o
 .ARM.attributes
                0x0000041f       0x34 ./Drivers/STM32F4xx_HAL_Driver/Src/stm32f4xx_hal_tim_ex.o
 .ARM.attributes
                0x00000453       0x34 C:/ST/STM32CubeIDE_1.16.1/STM32CubeIDE/plugins/com.st.stm32cube.ide.mcu.externaltools.gnu-tools-for-stm32.12.3.rel1.win32_1.0.200.202406191623/tools/bin/../lib/gcc/arm-none-eabi/12.3.1/../../../../arm-none-eabi/lib/thumb/v7e-m+fp/hard\libc_nano.a(libc_a-findfp.o)
 .ARM.attributes
                0x00000487       0x34 C:/ST/STM32CubeIDE_1.16.1/STM32CubeIDE/plugins/com.st.stm32cube.ide.mcu.externaltools.gnu-tools-for-stm32.12.3.rel1.win32_1.0.200.202406191623/tools/bin/../lib/gcc/arm-none-eabi/12.3.1/../../../../arm-none-eabi/lib/thumb/v7e-m+fp/hard\libc_nano.a(libc_a-memset.o)
 .ARM.attributes
                0x000004bb       0x34 C:/ST/STM32CubeIDE_1.16.1/STM32CubeIDE/plugins/com.st.stm32cube.ide.mcu.externaltools.gnu-tools-for-stm32.12.3.rel1.win32_1.0.200.202406191623/tools/bin/../lib/gcc/arm-none-eabi/12.3.1/../../../../arm-none-eabi/lib/thumb/v7e-m+fp/hard\libc_nano.a(libc_a-impure.o)
 .ARM.attributes
                0x000004ef       0x34 C:/ST/STM32CubeIDE_1.16.1/STM32CubeIDE/plugins/com.st.stm32cube.ide.mcu.externaltools.gnu-tools-for-stm32.12.3.rel1.win32_1.0.200.202406191623/tools/bin/../lib/gcc/arm-none-eabi/12.3.1/../../../../arm-none-eabi/lib/thumb/v7e-m+fp/hard\libc_nano.a(libc_a-errno.o)
 .ARM.attributes
                0x00000523       0x34 C:/ST/STM32CubeIDE_1.16.1/STM32CubeIDE/plugins/com.st.stm32cube.ide.mcu.externaltools.gnu-tools-for-stm32.12.3.rel1.win32_1.0.200.202406191623/tools/bin/../lib/gcc/arm-none-eabi/12.3.1/../../../../arm-none-eabi/lib/thumb/v7e-m+fp/hard\libc_nano.a(libc_a-init.o)
 .ARM.attributes
                0x00000557       0x34 C:/ST/STM32CubeIDE_1.16.1/STM32CubeIDE/plugins/com.st.stm32cube.ide.mcu.externaltools.gnu-tools-for-stm32.12.3.rel1.win32_1.0.200.202406191623/tools/bin/../lib/gcc/arm-none-eabi/12.3.1/../../../../arm-none-eabi/lib/thumb/v7e-m+fp/hard\libm.a(libm_a-wf_sqrt.o)
 .ARM.attributes
                0x0000058b       0x34 C:/ST/STM32CubeIDE_1.16.1/STM32CubeIDE/plugins/com.st.stm32cube.ide.mcu.externaltools.gnu-tools-for-stm32.12.3.rel1.win32_1.0.200.202406191623/tools/bin/../lib/gcc/arm-none-eabi/12.3.1/../../../../arm-none-eabi/lib/thumb/v7e-m+fp/hard\libm.a(libm_a-ef_sqrt.o)
 .ARM.attributes
                0x000005bf       0x22 C:/ST/STM32CubeIDE_1.16.1/STM32CubeIDE/plugins/com.st.stm32cube.ide.mcu.externaltools.gnu-tools-for-stm32.12.3.rel1.win32_1.0.200.202406191623/tools/bin/../lib/gcc/arm-none-eabi/12.3.1/thumb/v7e-m+fp/hard\libgcc.a(_arm_addsubdf3.o)
 .ARM.attributes
                0x000005e1       0x22 C:/ST/STM32CubeIDE_1.16.1/STM32CubeIDE/plugins/com.st.stm32cube.ide.mcu.externaltools.gnu-tools-for-stm32.12.3.rel1.win32_1.0.200.202406191623/tools/bin/../lib/gcc/arm-none-eabi/12.3.1/thumb/v7e-m+fp/hard\libgcc.a(_arm_muldivdf3.o)
 .ARM.attributes
                0x00000603       0x22 C:/ST/STM32CubeIDE_1.16.1/STM32CubeIDE/plugins/com.st.stm32cube.ide.mcu.externaltools.gnu-tools-for-stm32.12.3.rel1.win32_1.0.200.202406191623/tools/bin/../lib/gcc/arm-none-eabi/12.3.1/thumb/v7e-m+fp/hard\libgcc.a(_arm_cmpdf2.o)
 .ARM.attributes
                0x00000625       0x22 C:/ST/STM32CubeIDE_1.16.1/STM32CubeIDE/plugins/com.st.stm32cube.ide.mcu.externaltools.gnu-tools-for-stm32.12.3.rel1.win32_1.0.200.202406191623/tools/bin/../lib/gcc/arm-none-eabi/12.3.1/thumb/v7e-m+fp/hard\libgcc.a(_arm_fixdfsi.o)
 .ARM.attributes
                0x00000647       0x22 C:/ST/STM32CubeIDE_1.16.1/STM32CubeIDE/plugins/com.st.stm32cube.ide.mcu.externaltools.gnu-tools-for-stm32.12.3.rel1.win32_1.0.200.202406191623/tools/bin/../lib/gcc/arm-none-eabi/12.3.1/thumb/v7e-m+fp/hard\libgcc.a(_arm_truncdfsf2.o)
 .ARM.attributes
                0x00000669       0x22 C:/ST/STM32CubeIDE_1.16.1/STM32CubeIDE/plugins/com.st.stm32cube.ide.mcu.externaltools.gnu-tools-for-stm32.12.3.rel1.win32_1.0.200.202406191623/tools/bin/../lib/gcc/arm-none-eabi/12.3.1/thumb/v7e-m+fp/hard\libgcc.a(_arm_addsubsf3.o)
 .ARM.attributes
                0x0000068b       0x22 C:/ST/STM32CubeIDE_1.16.1/STM32CubeIDE/plugins/com.st.stm32cube.ide.mcu.externaltools.gnu-tools-for-stm32.12.3.rel1.win32_1.0.200.202406191623/tools/bin/../lib/gcc/arm-none-eabi/12.3.1/thumb/v7e-m+fp/hard\libgcc.a(_aeabi_uldivmod.o)
 .ARM.attributes
                0x000006ad       0x34 C:/ST/STM32CubeIDE_1.16.1/STM32CubeIDE/plugins/com.st.stm32cube.ide.mcu.externaltools.gnu-tools-for-stm32.12.3.rel1.win32_1.0.200.202406191623/tools/bin/../lib/gcc/arm-none-eabi/12.3.1/thumb/v7e-m+fp/hard\libgcc.a(_udivmoddi4.o)
 .ARM.attributes
                0x000006e1       0x22 C:/ST/STM32CubeIDE_1.16.1/STM32CubeIDE/plugins/com.st.stm32cube.ide.mcu.externaltools.gnu-tools-for-stm32.12.3.rel1.win32_1.0.200.202406191623/tools/bin/../lib/gcc/arm-none-eabi/12.3.1/thumb/v7e-m+fp/hard\libgcc.a(_dvmd_tls.o)
 .ARM.attributes
                0x00000703       0x22 C:/ST/STM32CubeIDE_1.16.1/STM32CubeIDE/plugins/com.st.stm32cube.ide.mcu.externaltools.gnu-tools-for-stm32.12.3.rel1.win32_1.0.200.202406191623/tools/bin/../lib/gcc/arm-none-eabi/12.3.1/thumb/v7e-m+fp/hard/crtn.o
OUTPUT(04.UPS_NewMCU_F411CE.elf elf32-littlearm)
LOAD linker stubs
LOAD C:/ST/STM32CubeIDE_1.16.1/STM32CubeIDE/plugins/com.st.stm32cube.ide.mcu.externaltools.gnu-tools-for-stm32.12.3.rel1.win32_1.0.200.202406191623/tools/bin/../lib/gcc/arm-none-eabi/12.3.1/../../../../arm-none-eabi/lib/thumb/v7e-m+fp/hard\libc.a
LOAD C:/ST/STM32CubeIDE_1.16.1/STM32CubeIDE/plugins/com.st.stm32cube.ide.mcu.externaltools.gnu-tools-for-stm32.12.3.rel1.win32_1.0.200.202406191623/tools/bin/../lib/gcc/arm-none-eabi/12.3.1/../../../../arm-none-eabi/lib/thumb/v7e-m+fp/hard\libm.a
LOAD C:/ST/STM32CubeIDE_1.16.1/STM32CubeIDE/plugins/com.st.stm32cube.ide.mcu.externaltools.gnu-tools-for-stm32.12.3.rel1.win32_1.0.200.202406191623/tools/bin/../lib/gcc/arm-none-eabi/12.3.1/thumb/v7e-m+fp/hard\libgcc.a

.debug_info     0x00000000     0xcb4b
 .debug_info    0x00000000      0x182 ./Core/Src/BATTERYInfo.o
 .debug_info    0x00000182      0xbc6 ./Core/Src/ZMPT101BSource.o
 .debug_info    0x00000d48      0xa06 ./Core/Src/adc.o
 .debug_info    0x0000174e      0x445 ./Core/Src/dma.o
 .debug_info    0x00001b93      0x417 ./Core/Src/gpio.o
 .debug_info    0x00001faa     0x1182 ./Core/Src/main.o
 .debug_info    0x0000312c      0x291 ./Core/Src/stm32f4xx_hal_msp.o
 .debug_info    0x000033bd      0x705 ./Core/Src/stm32f4xx_it.o
 .debug_info    0x00003ac2      0x53e ./Core/Src/system_stm32f4xx.o
 .debug_info    0x00004000      0xbd8 ./Core/Src/tim.o
 .debug_info    0x00004bd8      0x579 ./Core/Src/waweroBasicFunction.o
 .debug_info    0x00005151       0x30 ./Core/Startup/startup_stm32f411ceux.o
 .debug_info    0x00005181      0x8c4 ./Drivers/STM32F4xx_HAL_Driver/Src/stm32f4xx_hal.o
 .debug_info    0x00005a45      0xcd1 ./Drivers/STM32F4xx_HAL_Driver/Src/stm32f4xx_hal_adc.o
 .debug_info    0x00006716      0xcfc ./Drivers/STM32F4xx_HAL_Driver/Src/stm32f4xx_hal_cortex.o
 .debug_info    0x00007412      0x8e6 ./Drivers/STM32F4xx_HAL_Driver/Src/stm32f4xx_hal_dma.o
 .debug_info    0x00007cf8      0x6f9 ./Drivers/STM32F4xx_HAL_Driver/Src/stm32f4xx_hal_gpio.o
 .debug_info    0x000083f1      0x8f0 ./Drivers/STM32F4xx_HAL_Driver/Src/stm32f4xx_hal_rcc.o
 .debug_info    0x00008ce1     0x2996 ./Drivers/STM32F4xx_HAL_Driver/Src/stm32f4xx_hal_tim.o
 .debug_info    0x0000b677     0x14d4 ./Drivers/STM32F4xx_HAL_Driver/Src/stm32f4xx_hal_tim_ex.o

.debug_abbrev   0x00000000     0x25a7
 .debug_abbrev  0x00000000       0xbc ./Core/Src/BATTERYInfo.o
 .debug_abbrev  0x000000bc      0x2ca ./Core/Src/ZMPT101BSource.o
 .debug_abbrev  0x00000386      0x204 ./Core/Src/adc.o
 .debug_abbrev  0x0000058a      0x10e ./Core/Src/dma.o
 .debug_abbrev  0x00000698      0x151 ./Core/Src/gpio.o
 .debug_abbrev  0x000007e9      0x2ad ./Core/Src/main.o
 .debug_abbrev  0x00000a96       0xd8 ./Core/Src/stm32f4xx_hal_msp.o
 .debug_abbrev  0x00000b6e      0x1a7 ./Core/Src/stm32f4xx_it.o
 .debug_abbrev  0x00000d15      0x11a ./Core/Src/system_stm32f4xx.o
 .debug_abbrev  0x00000e2f      0x232 ./Core/Src/tim.o
 .debug_abbrev  0x00001061      0x1e1 ./Core/Src/waweroBasicFunction.o
 .debug_abbrev  0x00001242       0x24 ./Core/Startup/startup_stm32f411ceux.o
 .debug_abbrev  0x00001266      0x24b ./Drivers/STM32F4xx_HAL_Driver/Src/stm32f4xx_hal.o
 .debug_abbrev  0x000014b1      0x20e ./Drivers/STM32F4xx_HAL_Driver/Src/stm32f4xx_hal_adc.o
 .debug_abbrev  0x000016bf      0x31d ./Drivers/STM32F4xx_HAL_Driver/Src/stm32f4xx_hal_cortex.o
 .debug_abbrev  0x000019dc      0x221 ./Drivers/STM32F4xx_HAL_Driver/Src/stm32f4xx_hal_dma.o
 .debug_abbrev  0x00001bfd      0x1d3 ./Drivers/STM32F4xx_HAL_Driver/Src/stm32f4xx_hal_gpio.o
 .debug_abbrev  0x00001dd0      0x2b6 ./Drivers/STM32F4xx_HAL_Driver/Src/stm32f4xx_hal_rcc.o
 .debug_abbrev  0x00002086      0x28b ./Drivers/STM32F4xx_HAL_Driver/Src/stm32f4xx_hal_tim.o
 .debug_abbrev  0x00002311      0x296 ./Drivers/STM32F4xx_HAL_Driver/Src/stm32f4xx_hal_tim_ex.o

.debug_aranges  0x00000000      0xca8
 .debug_aranges
                0x00000000       0x28 ./Core/Src/BATTERYInfo.o
 .debug_aranges
                0x00000028       0x90 ./Core/Src/ZMPT101BSource.o
 .debug_aranges
                0x000000b8       0x30 ./Core/Src/adc.o
 .debug_aranges
                0x000000e8       0x20 ./Core/Src/dma.o
 .debug_aranges
                0x00000108       0x20 ./Core/Src/gpio.o
 .debug_aranges
                0x00000128       0x40 ./Core/Src/main.o
 .debug_aranges
                0x00000168       0x20 ./Core/Src/stm32f4xx_hal_msp.o
 .debug_aranges
                0x00000188       0x70 ./Core/Src/stm32f4xx_it.o
 .debug_aranges
                0x000001f8       0x28 ./Core/Src/system_stm32f4xx.o
 .debug_aranges
                0x00000220       0x38 ./Core/Src/tim.o
 .debug_aranges
                0x00000258       0x78 ./Core/Src/waweroBasicFunction.o
 .debug_aranges
                0x000002d0       0x28 ./Core/Startup/startup_stm32f411ceux.o
 .debug_aranges
                0x000002f8       0xf0 ./Drivers/STM32F4xx_HAL_Driver/Src/stm32f4xx_hal.o
 .debug_aranges
                0x000003e8       0xe8 ./Drivers/STM32F4xx_HAL_Driver/Src/stm32f4xx_hal_adc.o
 .debug_aranges
                0x000004d0      0x130 ./Drivers/STM32F4xx_HAL_Driver/Src/stm32f4xx_hal_cortex.o
 .debug_aranges
                0x00000600       0x90 ./Drivers/STM32F4xx_HAL_Driver/Src/stm32f4xx_hal_dma.o
 .debug_aranges
                0x00000690       0x58 ./Drivers/STM32F4xx_HAL_Driver/Src/stm32f4xx_hal_gpio.o
 .debug_aranges
                0x000006e8       0x88 ./Drivers/STM32F4xx_HAL_Driver/Src/stm32f4xx_hal_rcc.o
 .debug_aranges
                0x00000770      0x3d0 ./Drivers/STM32F4xx_HAL_Driver/Src/stm32f4xx_hal_tim.o
 .debug_aranges
                0x00000b40      0x168 ./Drivers/STM32F4xx_HAL_Driver/Src/stm32f4xx_hal_tim_ex.o

.debug_rnglists
                0x00000000      0x9a7
 .debug_rnglists
                0x00000000       0x1b ./Core/Src/BATTERYInfo.o
 .debug_rnglists
                0x0000001b       0x6f ./Core/Src/ZMPT101BSource.o
 .debug_rnglists
                0x0000008a       0x21 ./Core/Src/adc.o
 .debug_rnglists
                0x000000ab       0x13 ./Core/Src/dma.o
 .debug_rnglists
                0x000000be       0x14 ./Core/Src/gpio.o
 .debug_rnglists
                0x000000d2       0x2d ./Core/Src/main.o
 .debug_rnglists
                0x000000ff       0x13 ./Core/Src/stm32f4xx_hal_msp.o
 .debug_rnglists
                0x00000112       0x4f ./Core/Src/stm32f4xx_it.o
 .debug_rnglists
                0x00000161       0x1a ./Core/Src/system_stm32f4xx.o
 .debug_rnglists
                0x0000017b       0x26 ./Core/Src/tim.o
 .debug_rnglists
                0x000001a1       0x55 ./Core/Src/waweroBasicFunction.o
 .debug_rnglists
                0x000001f6       0x19 ./Core/Startup/startup_stm32f411ceux.o
 .debug_rnglists
                0x0000020f       0xaf ./Drivers/STM32F4xx_HAL_Driver/Src/stm32f4xx_hal.o
 .debug_rnglists
                0x000002be       0xb5 ./Drivers/STM32F4xx_HAL_Driver/Src/stm32f4xx_hal_adc.o
 .debug_rnglists
                0x00000373       0xe0 ./Drivers/STM32F4xx_HAL_Driver/Src/stm32f4xx_hal_cortex.o
 .debug_rnglists
                0x00000453       0x70 ./Drivers/STM32F4xx_HAL_Driver/Src/stm32f4xx_hal_dma.o
 .debug_rnglists
                0x000004c3       0x3f ./Drivers/STM32F4xx_HAL_Driver/Src/stm32f4xx_hal_gpio.o
 .debug_rnglists
                0x00000502       0x66 ./Drivers/STM32F4xx_HAL_Driver/Src/stm32f4xx_hal_rcc.o
 .debug_rnglists
                0x00000568      0x31a ./Drivers/STM32F4xx_HAL_Driver/Src/stm32f4xx_hal_tim.o
 .debug_rnglists
                0x00000882      0x125 ./Drivers/STM32F4xx_HAL_Driver/Src/stm32f4xx_hal_tim_ex.o

.debug_macro    0x00000000    0x18334
 .debug_macro   0x00000000       0x6d ./Core/Src/BATTERYInfo.o
 .debug_macro   0x0000006d      0xab4 ./Core/Src/BATTERYInfo.o
 .debug_macro   0x00000b21       0x22 ./Core/Src/BATTERYInfo.o
 .debug_macro   0x00000b43       0x8e ./Core/Src/BATTERYInfo.o
 .debug_macro   0x00000bd1       0x51 ./Core/Src/BATTERYInfo.o
 .debug_macro   0x00000c22      0x103 ./Core/Src/BATTERYInfo.o
 .debug_macro   0x00000d25       0x6a ./Core/Src/BATTERYInfo.o
 .debug_macro   0x00000d8f      0x1df ./Core/Src/BATTERYInfo.o
 .debug_macro   0x00000f6e      0x326 ./Core/Src/ZMPT101BSource.o
 .debug_macro   0x00001294      0x29b ./Core/Src/ZMPT101BSource.o
 .debug_macro   0x0000152f       0x2e ./Core/Src/ZMPT101BSource.o
 .debug_macro   0x0000155d       0x28 ./Core/Src/ZMPT101BSource.o
 .debug_macro   0x00001585       0x1c ./Core/Src/ZMPT101BSource.o
 .debug_macro   0x000015a1       0x22 ./Core/Src/ZMPT101BSource.o
 .debug_macro   0x000015c3       0xfb ./Core/Src/ZMPT101BSource.o
 .debug_macro   0x000016be     0x1011 ./Core/Src/ZMPT101BSource.o
 .debug_macro   0x000026cf      0x11f ./Core/Src/ZMPT101BSource.o
 .debug_macro   0x000027ee     0xb953 ./Core/Src/ZMPT101BSource.o
 .debug_macro   0x0000e141       0x6d ./Core/Src/ZMPT101BSource.o
 .debug_macro   0x0000e1ae     0x369a ./Core/Src/ZMPT101BSource.o
 .debug_macro   0x00011848      0x189 ./Core/Src/ZMPT101BSource.o
 .debug_macro   0x000119d1       0x5c ./Core/Src/ZMPT101BSource.o
 .debug_macro   0x00011a2d      0x45c ./Core/Src/ZMPT101BSource.o
 .debug_macro   0x00011e89      0x9e9 ./Core/Src/ZMPT101BSource.o
 .debug_macro   0x00012872      0x115 ./Core/Src/ZMPT101BSource.o
 .debug_macro   0x00012987      0x11b ./Core/Src/ZMPT101BSource.o
 .debug_macro   0x00012aa2       0xa5 ./Core/Src/ZMPT101BSource.o
 .debug_macro   0x00012b47      0x15f ./Core/Src/ZMPT101BSource.o
 .debug_macro   0x00012ca6      0x287 ./Core/Src/ZMPT101BSource.o
 .debug_macro   0x00012f2d       0x5f ./Core/Src/ZMPT101BSource.o
 .debug_macro   0x00012f8c      0x236 ./Core/Src/ZMPT101BSource.o
 .debug_macro   0x000131c2      0x9e1 ./Core/Src/ZMPT101BSource.o
 .debug_macro   0x00013ba3      0x38b ./Core/Src/ZMPT101BSource.o
 .debug_macro   0x00013f2e      0x17d ./Core/Src/ZMPT101BSource.o
 .debug_macro   0x000140ab       0xf9 ./Core/Src/ZMPT101BSource.o
 .debug_macro   0x000141a4      0x132 ./Core/Src/ZMPT101BSource.o
 .debug_macro   0x000142d6      0x264 ./Core/Src/ZMPT101BSource.o
 .debug_macro   0x0001453a       0x2e ./Core/Src/ZMPT101BSource.o
 .debug_macro   0x00014568      0x127 ./Core/Src/ZMPT101BSource.o
 .debug_macro   0x0001468f       0x85 ./Core/Src/ZMPT101BSource.o
 .debug_macro   0x00014714       0x89 ./Core/Src/ZMPT101BSource.o
 .debug_macro   0x0001479d      0x8ed ./Core/Src/ZMPT101BSource.o
 .debug_macro   0x0001508a       0x47 ./Core/Src/ZMPT101BSource.o
 .debug_macro   0x000150d1      0x126 ./Core/Src/ZMPT101BSource.o
 .debug_macro   0x000151f7       0x40 ./Core/Src/ZMPT101BSource.o
 .debug_macro   0x00015237       0x22 ./Core/Src/ZMPT101BSource.o
 .debug_macro   0x00015259       0x1c ./Core/Src/ZMPT101BSource.o
 .debug_macro   0x00015275       0x61 ./Core/Src/ZMPT101BSource.o
 .debug_macro   0x000152d6       0x2a ./Core/Src/ZMPT101BSource.o
 .debug_macro   0x00015300       0x43 ./Core/Src/ZMPT101BSource.o
 .debug_macro   0x00015343       0x34 ./Core/Src/ZMPT101BSource.o
 .debug_macro   0x00015377       0x16 ./Core/Src/ZMPT101BSource.o
 .debug_macro   0x0001538d       0x43 ./Core/Src/ZMPT101BSource.o
 .debug_macro   0x000153d0       0x34 ./Core/Src/ZMPT101BSource.o
 .debug_macro   0x00015404       0x10 ./Core/Src/ZMPT101BSource.o
 .debug_macro   0x00015414       0x58 ./Core/Src/ZMPT101BSource.o
 .debug_macro   0x0001546c       0x8e ./Core/Src/ZMPT101BSource.o
 .debug_macro   0x000154fa       0x1c ./Core/Src/ZMPT101BSource.o
 .debug_macro   0x00015516      0x177 ./Core/Src/ZMPT101BSource.o
 .debug_macro   0x0001568d      0x369 ./Core/Src/ZMPT101BSource.o
 .debug_macro   0x000159f6      0x19b ./Core/Src/ZMPT101BSource.o
 .debug_macro   0x00015b91       0x16 ./Core/Src/ZMPT101BSource.o
 .debug_macro   0x00015ba7       0x35 ./Core/Src/ZMPT101BSource.o
 .debug_macro   0x00015bdc       0x16 ./Core/Src/ZMPT101BSource.o
 .debug_macro   0x00015bf2       0x29 ./Core/Src/ZMPT101BSource.o
 .debug_macro   0x00015c1b       0x1c ./Core/Src/ZMPT101BSource.o
 .debug_macro   0x00015c37       0x10 ./Core/Src/ZMPT101BSource.o
 .debug_macro   0x00015c47       0x1c ./Core/Src/ZMPT101BSource.o
 .debug_macro   0x00015c63       0x16 ./Core/Src/ZMPT101BSource.o
 .debug_macro   0x00015c79      0x146 ./Core/Src/ZMPT101BSource.o
 .debug_macro   0x00015dbf      0x205 ./Core/Src/adc.o
 .debug_macro   0x00015fc4      0x205 ./Core/Src/dma.o
 .debug_macro   0x000161c9      0x205 ./Core/Src/gpio.o
 .debug_macro   0x000163ce      0x25f ./Core/Src/main.o
 .debug_macro   0x0001662d       0x22 ./Core/Src/main.o
 .debug_macro   0x0001664f      0x1fb ./Core/Src/stm32f4xx_hal_msp.o
 .debug_macro   0x0001684a      0x205 ./Core/Src/stm32f4xx_it.o
 .debug_macro   0x00016a4f      0x1ec ./Core/Src/system_stm32f4xx.o
 .debug_macro   0x00016c3b      0x205 ./Core/Src/tim.o
 .debug_macro   0x00016e40      0x2d7 ./Core/Src/waweroBasicFunction.o
 .debug_macro   0x00017117       0x16 ./Core/Src/waweroBasicFunction.o
 .debug_macro   0x0001712d       0x9e ./Core/Src/waweroBasicFunction.o
 .debug_macro   0x000171cb      0x10b ./Core/Src/waweroBasicFunction.o
 .debug_macro   0x000172d6       0x16 ./Core/Src/waweroBasicFunction.o
 .debug_macro   0x000172ec       0x56 ./Core/Src/waweroBasicFunction.o
 .debug_macro   0x00017342      0x24c ./Drivers/STM32F4xx_HAL_Driver/Src/stm32f4xx_hal.o
 .debug_macro   0x0001758e      0x1ed ./Drivers/STM32F4xx_HAL_Driver/Src/stm32f4xx_hal_adc.o
 .debug_macro   0x0001777b      0x1ec ./Drivers/STM32F4xx_HAL_Driver/Src/stm32f4xx_hal_cortex.o
 .debug_macro   0x00017967      0x1f2 ./Drivers/STM32F4xx_HAL_Driver/Src/stm32f4xx_hal_dma.o
 .debug_macro   0x00017b59      0x1f2 ./Drivers/STM32F4xx_HAL_Driver/Src/stm32f4xx_hal_gpio.o
 .debug_macro   0x00017d4b      0x210 ./Drivers/STM32F4xx_HAL_Driver/Src/stm32f4xx_hal_rcc.o
 .debug_macro   0x00017f5b      0x1ed ./Drivers/STM32F4xx_HAL_Driver/Src/stm32f4xx_hal_tim.o
 .debug_macro   0x00018148      0x1ec ./Drivers/STM32F4xx_HAL_Driver/Src/stm32f4xx_hal_tim_ex.o

.debug_line     0x00000000    0x103b4
 .debug_line    0x00000000      0x4d4 ./Core/Src/BATTERYInfo.o
 .debug_line    0x000004d4      0xd2b ./Core/Src/ZMPT101BSource.o
 .debug_line    0x000011ff      0x836 ./Core/Src/adc.o
 .debug_line    0x00001a35      0x779 ./Core/Src/dma.o
 .debug_line    0x000021ae      0x79a ./Core/Src/gpio.o
 .debug_line    0x00002948      0xba2 ./Core/Src/main.o
 .debug_line    0x000034ea      0x77e ./Core/Src/stm32f4xx_hal_msp.o
 .debug_line    0x00003c68      0x870 ./Core/Src/stm32f4xx_it.o
 .debug_line    0x000044d8      0x802 ./Core/Src/system_stm32f4xx.o
 .debug_line    0x00004cda      0x83d ./Core/Src/tim.o
 .debug_line    0x00005517      0xab9 ./Core/Src/waweroBasicFunction.o
 .debug_line    0x00005fd0       0x7a ./Core/Startup/startup_stm32f411ceux.o
 .debug_line    0x0000604a      0xa6b ./Drivers/STM32F4xx_HAL_Driver/Src/stm32f4xx_hal.o
 .debug_line    0x00006ab5     0x1233 ./Drivers/STM32F4xx_HAL_Driver/Src/stm32f4xx_hal_adc.o
 .debug_line    0x00007ce8      0xd5d ./Drivers/STM32F4xx_HAL_Driver/Src/stm32f4xx_hal_cortex.o
 .debug_line    0x00008a45      0xfdb ./Drivers/STM32F4xx_HAL_Driver/Src/stm32f4xx_hal_dma.o
 .debug_line    0x00009a20      0xbbb ./Drivers/STM32F4xx_HAL_Driver/Src/stm32f4xx_hal_gpio.o
 .debug_line    0x0000a5db      0xdf4 ./Drivers/STM32F4xx_HAL_Driver/Src/stm32f4xx_hal_rcc.o
 .debug_line    0x0000b3cf     0x35e9 ./Drivers/STM32F4xx_HAL_Driver/Src/stm32f4xx_hal_tim.o
 .debug_line    0x0000e9b8     0x19fc ./Drivers/STM32F4xx_HAL_Driver/Src/stm32f4xx_hal_tim_ex.o

.debug_str      0x00000000    0x98674
 .debug_str     0x00000000     0x3cb5 ./Core/Src/BATTERYInfo.o
                               0x3e2b (size before relaxing)
 .debug_str     0x00003cb5    0x912d1 ./Core/Src/ZMPT101BSource.o
                              0x951bc (size before relaxing)
 .debug_str     0x00094f86      0x275 ./Core/Src/adc.o
                              0x910e9 (size before relaxing)
 .debug_str     0x000951fb      0x3e7 ./Core/Src/dma.o
                              0x90f4b (size before relaxing)
 .debug_str     0x000955e2       0x68 ./Core/Src/gpio.o
                              0x90c51 (size before relaxing)
 .debug_str     0x0009564a      0x799 ./Core/Src/main.o
                              0x91994 (size before relaxing)
 .debug_str     0x00095de3       0x2c ./Core/Src/stm32f4xx_hal_msp.o
                              0x90b86 (size before relaxing)
 .debug_str     0x00095e0f      0x120 ./Core/Src/stm32f4xx_it.o
                              0x91097 (size before relaxing)
 .debug_str     0x00095f2f       0xdb ./Core/Src/system_stm32f4xx.o
                              0x90b23 (size before relaxing)
 .debug_str     0x0009600a      0x141 ./Core/Src/tim.o
                              0x91618 (size before relaxing)
 .debug_str     0x0009614b      0x121 ./Core/Src/waweroBasicFunction.o
                              0x94423 (size before relaxing)
 .debug_str     0x0009626c       0x44 ./Core/Startup/startup_stm32f411ceux.o
                                 0x89 (size before relaxing)
 .debug_str     0x000962b0      0x5fc ./Drivers/STM32F4xx_HAL_Driver/Src/stm32f4xx_hal.o
                              0x9154f (size before relaxing)
 .debug_str     0x000968ac      0x249 ./Drivers/STM32F4xx_HAL_Driver/Src/stm32f4xx_hal_adc.o
                              0x910fe (size before relaxing)
 .debug_str     0x00096af5      0x366 ./Drivers/STM32F4xx_HAL_Driver/Src/stm32f4xx_hal_cortex.o
                              0x912b9 (size before relaxing)
 .debug_str     0x00096e5b      0x2cf ./Drivers/STM32F4xx_HAL_Driver/Src/stm32f4xx_hal_dma.o
                              0x90f2b (size before relaxing)
 .debug_str     0x0009712a       0xfd ./Drivers/STM32F4xx_HAL_Driver/Src/stm32f4xx_hal_gpio.o
                              0x90c9e (size before relaxing)
 .debug_str     0x00097227      0x228 ./Drivers/STM32F4xx_HAL_Driver/Src/stm32f4xx_hal_rcc.o
                              0x90f57 (size before relaxing)
 .debug_str     0x0009744f      0xd92 ./Drivers/STM32F4xx_HAL_Driver/Src/stm32f4xx_hal_tim.o
                              0x91e9b (size before relaxing)
 .debug_str     0x000981e1      0x493 ./Drivers/STM32F4xx_HAL_Driver/Src/stm32f4xx_hal_tim_ex.o
                              0x916a7 (size before relaxing)

.comment        0x00000000       0x43
 .comment       0x00000000       0x43 ./Core/Src/BATTERYInfo.o
                                 0x44 (size before relaxing)
 .comment       0x00000043       0x44 ./Core/Src/ZMPT101BSource.o
 .comment       0x00000043       0x44 ./Core/Src/adc.o
 .comment       0x00000043       0x44 ./Core/Src/dma.o
 .comment       0x00000043       0x44 ./Core/Src/gpio.o
 .comment       0x00000043       0x44 ./Core/Src/main.o
 .comment       0x00000043       0x44 ./Core/Src/stm32f4xx_hal_msp.o
 .comment       0x00000043       0x44 ./Core/Src/stm32f4xx_it.o
 .comment       0x00000043       0x44 ./Core/Src/system_stm32f4xx.o
 .comment       0x00000043       0x44 ./Core/Src/tim.o
 .comment       0x00000043       0x44 ./Core/Src/waweroBasicFunction.o
 .comment       0x00000043       0x44 ./Drivers/STM32F4xx_HAL_Driver/Src/stm32f4xx_hal.o
 .comment       0x00000043       0x44 ./Drivers/STM32F4xx_HAL_Driver/Src/stm32f4xx_hal_adc.o
 .comment       0x00000043       0x44 ./Drivers/STM32F4xx_HAL_Driver/Src/stm32f4xx_hal_cortex.o
 .comment       0x00000043       0x44 ./Drivers/STM32F4xx_HAL_Driver/Src/stm32f4xx_hal_dma.o
 .comment       0x00000043       0x44 ./Drivers/STM32F4xx_HAL_Driver/Src/stm32f4xx_hal_gpio.o
 .comment       0x00000043       0x44 ./Drivers/STM32F4xx_HAL_Driver/Src/stm32f4xx_hal_rcc.o
 .comment       0x00000043       0x44 ./Drivers/STM32F4xx_HAL_Driver/Src/stm32f4xx_hal_tim.o
 .comment       0x00000043       0x44 ./Drivers/STM32F4xx_HAL_Driver/Src/stm32f4xx_hal_tim_ex.o

.debug_frame    0x00000000     0x370c
 .debug_frame   0x00000000       0x58 ./Core/Src/BATTERYInfo.o
 .debug_frame   0x00000058      0x250 ./Core/Src/ZMPT101BSource.o
 .debug_frame   0x000002a8       0x7c ./Core/Src/adc.o
 .debug_frame   0x00000324       0x34 ./Core/Src/dma.o
 .debug_frame   0x00000358       0x34 ./Core/Src/gpio.o
 .debug_frame   0x0000038c       0xb0 ./Core/Src/main.o
 .debug_frame   0x0000043c       0x38 ./Core/Src/stm32f4xx_hal_msp.o
 .debug_frame   0x00000474      0x13c ./Core/Src/stm32f4xx_it.o
 .debug_frame   0x000005b0       0x58 ./Core/Src/system_stm32f4xx.o
 .debug_frame   0x00000608       0x98 ./Core/Src/tim.o
 .debug_frame   0x000006a0      0x1b8 ./Core/Src/waweroBasicFunction.o
 .debug_frame   0x00000858      0x374 ./Drivers/STM32F4xx_HAL_Driver/Src/stm32f4xx_hal.o
 .debug_frame   0x00000bcc      0x3fc ./Drivers/STM32F4xx_HAL_Driver/Src/stm32f4xx_hal_adc.o
 .debug_frame   0x00000fc8      0x508 ./Drivers/STM32F4xx_HAL_Driver/Src/stm32f4xx_hal_cortex.o
 .debug_frame   0x000014d0      0x250 ./Drivers/STM32F4xx_HAL_Driver/Src/stm32f4xx_hal_dma.o
 .debug_frame   0x00001720      0x14c ./Drivers/STM32F4xx_HAL_Driver/Src/stm32f4xx_hal_gpio.o
 .debug_frame   0x0000186c      0x1f4 ./Drivers/STM32F4xx_HAL_Driver/Src/stm32f4xx_hal_rcc.o
 .debug_frame   0x00001a60     0x11b8 ./Drivers/STM32F4xx_HAL_Driver/Src/stm32f4xx_hal_tim.o
 .debug_frame   0x00002c18      0x638 ./Drivers/STM32F4xx_HAL_Driver/Src/stm32f4xx_hal_tim_ex.o
 .debug_frame   0x00003250      0x144 C:/ST/STM32CubeIDE_1.16.1/STM32CubeIDE/plugins/com.st.stm32cube.ide.mcu.externaltools.gnu-tools-for-stm32.12.3.rel1.win32_1.0.200.202406191623/tools/bin/../lib/gcc/arm-none-eabi/12.3.1/../../../../arm-none-eabi/lib/thumb/v7e-m+fp/hard\libc_nano.a(libc_a-findfp.o)
 .debug_frame   0x00003394       0x20 C:/ST/STM32CubeIDE_1.16.1/STM32CubeIDE/plugins/com.st.stm32cube.ide.mcu.externaltools.gnu-tools-for-stm32.12.3.rel1.win32_1.0.200.202406191623/tools/bin/../lib/gcc/arm-none-eabi/12.3.1/../../../../arm-none-eabi/lib/thumb/v7e-m+fp/hard\libc_nano.a(libc_a-memset.o)
 .debug_frame   0x000033b4       0x20 C:/ST/STM32CubeIDE_1.16.1/STM32CubeIDE/plugins/com.st.stm32cube.ide.mcu.externaltools.gnu-tools-for-stm32.12.3.rel1.win32_1.0.200.202406191623/tools/bin/../lib/gcc/arm-none-eabi/12.3.1/../../../../arm-none-eabi/lib/thumb/v7e-m+fp/hard\libc_nano.a(libc_a-errno.o)
 .debug_frame   0x000033d4       0x2c C:/ST/STM32CubeIDE_1.16.1/STM32CubeIDE/plugins/com.st.stm32cube.ide.mcu.externaltools.gnu-tools-for-stm32.12.3.rel1.win32_1.0.200.202406191623/tools/bin/../lib/gcc/arm-none-eabi/12.3.1/../../../../arm-none-eabi/lib/thumb/v7e-m+fp/hard\libc_nano.a(libc_a-init.o)
 .debug_frame   0x00003400       0x38 C:/ST/STM32CubeIDE_1.16.1/STM32CubeIDE/plugins/com.st.stm32cube.ide.mcu.externaltools.gnu-tools-for-stm32.12.3.rel1.win32_1.0.200.202406191623/tools/bin/../lib/gcc/arm-none-eabi/12.3.1/../../../../arm-none-eabi/lib/thumb/v7e-m+fp/hard\libm.a(libm_a-wf_sqrt.o)
 .debug_frame   0x00003438       0x20 C:/ST/STM32CubeIDE_1.16.1/STM32CubeIDE/plugins/com.st.stm32cube.ide.mcu.externaltools.gnu-tools-for-stm32.12.3.rel1.win32_1.0.200.202406191623/tools/bin/../lib/gcc/arm-none-eabi/12.3.1/../../../../arm-none-eabi/lib/thumb/v7e-m+fp/hard\libm.a(libm_a-ef_sqrt.o)
 .debug_frame   0x00003458       0xac C:/ST/STM32CubeIDE_1.16.1/STM32CubeIDE/plugins/com.st.stm32cube.ide.mcu.externaltools.gnu-tools-for-stm32.12.3.rel1.win32_1.0.200.202406191623/tools/bin/../lib/gcc/arm-none-eabi/12.3.1/thumb/v7e-m+fp/hard\libgcc.a(_arm_addsubdf3.o)
 .debug_frame   0x00003504       0x50 C:/ST/STM32CubeIDE_1.16.1/STM32CubeIDE/plugins/com.st.stm32cube.ide.mcu.externaltools.gnu-tools-for-stm32.12.3.rel1.win32_1.0.200.202406191623/tools/bin/../lib/gcc/arm-none-eabi/12.3.1/thumb/v7e-m+fp/hard\libgcc.a(_arm_muldivdf3.o)
 .debug_frame   0x00003554       0xc4 C:/ST/STM32CubeIDE_1.16.1/STM32CubeIDE/plugins/com.st.stm32cube.ide.mcu.externaltools.gnu-tools-for-stm32.12.3.rel1.win32_1.0.200.202406191623/tools/bin/../lib/gcc/arm-none-eabi/12.3.1/thumb/v7e-m+fp/hard\libgcc.a(_arm_cmpdf2.o)
 .debug_frame   0x00003618       0x24 C:/ST/STM32CubeIDE_1.16.1/STM32CubeIDE/plugins/com.st.stm32cube.ide.mcu.externaltools.gnu-tools-for-stm32.12.3.rel1.win32_1.0.200.202406191623/tools/bin/../lib/gcc/arm-none-eabi/12.3.1/thumb/v7e-m+fp/hard\libgcc.a(_arm_fixdfsi.o)
 .debug_frame   0x0000363c       0x24 C:/ST/STM32CubeIDE_1.16.1/STM32CubeIDE/plugins/com.st.stm32cube.ide.mcu.externaltools.gnu-tools-for-stm32.12.3.rel1.win32_1.0.200.202406191623/tools/bin/../lib/gcc/arm-none-eabi/12.3.1/thumb/v7e-m+fp/hard\libgcc.a(_arm_truncdfsf2.o)
 .debug_frame   0x00003660       0x4c C:/ST/STM32CubeIDE_1.16.1/STM32CubeIDE/plugins/com.st.stm32cube.ide.mcu.externaltools.gnu-tools-for-stm32.12.3.rel1.win32_1.0.200.202406191623/tools/bin/../lib/gcc/arm-none-eabi/12.3.1/thumb/v7e-m+fp/hard\libgcc.a(_arm_addsubsf3.o)
 .debug_frame   0x000036ac       0x2c C:/ST/STM32CubeIDE_1.16.1/STM32CubeIDE/plugins/com.st.stm32cube.ide.mcu.externaltools.gnu-tools-for-stm32.12.3.rel1.win32_1.0.200.202406191623/tools/bin/../lib/gcc/arm-none-eabi/12.3.1/thumb/v7e-m+fp/hard\libgcc.a(_aeabi_uldivmod.o)
 .debug_frame   0x000036d8       0x34 C:/ST/STM32CubeIDE_1.16.1/STM32CubeIDE/plugins/com.st.stm32cube.ide.mcu.externaltools.gnu-tools-for-stm32.12.3.rel1.win32_1.0.200.202406191623/tools/bin/../lib/gcc/arm-none-eabi/12.3.1/thumb/v7e-m+fp/hard\libgcc.a(_udivmoddi4.o)

.debug_line_str
                0x00000000       0x6d
 .debug_line_str
                0x00000000       0x6d ./Core/Startup/startup_stm32f411ceux.o
