../Core/Src/lvgl/src/widgets/../core/../misc/../font/../misc/lv_area.h:110:20:lv_area_copy	16	static
../Core/Src/lvgl/src/widgets/../core/../misc/lv_color.h:594:26:lv_color_make	16	static
../Core/Src/lvgl/src/widgets/../core/../misc/lv_color.h:599:26:lv_color_hex	24	static
../Core/Src/lvgl/src/widgets/../core/../misc/lv_color.h:695:26:lv_color_white	8	static
../Core/Src/lvgl/src/widgets/../core/lv_obj_style_gen.h:349:26:lv_obj_get_style_img_recolor	24	static
../Core/Src/lvgl/src/widgets/lv_canvas.c:54:12:lv_canvas_create	24	static
../Core/Src/lvgl/src/widgets/lv_canvas.c:66:6:lv_canvas_set_buffer	32	static
../Core/Src/lvgl/src/widgets/lv_canvas.c:82:6:lv_canvas_set_px_color	32	static
../Core/Src/lvgl/src/widgets/lv_canvas.c:92:6:lv_canvas_set_px_opa	32	static
../Core/Src/lvgl/src/widgets/lv_canvas.c:102:6:lv_canvas_set_palette	24	static
../Core/Src/lvgl/src/widgets/lv_canvas.c:116:12:lv_canvas_get_px	24	static
../Core/Src/lvgl/src/widgets/lv_canvas.c:126:16:lv_canvas_get_img	24	static
../Core/Src/lvgl/src/widgets/lv_canvas.c:138:6:lv_canvas_copy_buf	48	static
../Core/Src/lvgl/src/widgets/lv_canvas.c:161:6:lv_canvas_transform	120	static
../Core/Src/lvgl/src/widgets/lv_canvas.c:224:6:lv_canvas_blur_hor	104	static
../Core/Src/lvgl/src/widgets/lv_canvas.c:352:6:lv_canvas_blur_ver	104	static
../Core/Src/lvgl/src/widgets/lv_canvas.c:485:6:lv_canvas_fill_bg	40	static
../Core/Src/lvgl/src/widgets/lv_canvas.c:514:6:lv_canvas_draw_rect	504	static
../Core/Src/lvgl/src/widgets/lv_canvas.c:558:6:lv_canvas_draw_text	504	static
../Core/Src/lvgl/src/widgets/lv_canvas.c:594:6:lv_canvas_draw_img	504	static
../Core/Src/lvgl/src/widgets/lv_canvas.c:637:6:lv_canvas_draw_line	496	static
../Core/Src/lvgl/src/widgets/lv_canvas.c:678:6:lv_canvas_draw_polygon	496	static
../Core/Src/lvgl/src/widgets/lv_canvas.c:716:6:lv_canvas_draw_arc	504	static
../Core/Src/lvgl/src/widgets/lv_canvas.c:763:13:lv_canvas_constructor	24	static
../Core/Src/lvgl/src/widgets/lv_canvas.c:782:13:lv_canvas_destructor	24	static
../Core/Src/lvgl/src/widgets/lv_canvas.c:791:13:init_fake_disp	32	static
../Core/Src/lvgl/src/widgets/lv_canvas.c:823:13:deinit_fake_disp	16	static
