../Core/Src/CommunicationMessages.c:37:5:LoraReset	16	static
../Core/Src/CommunicationMessages.c:43:6:MakeHandleToLoRa	16	static
../Core/Src/CommunicationMessages.c:48:6:SetDevID	16	static
../Core/Src/CommunicationMessages.c:54:6:LoRaReceiveMode	8	static
../Core/Src/CommunicationMessages.c:60:5:UnpackMessage	96	static
../Core/Src/CommunicationMessages.c:232:5:MessageRequestAction	24	static
../Core/Src/CommunicationMessages.c:314:5:SendMessageConfirmation	144	static
../Core/Src/CommunicationMessages.c:328:5:SendMessageDeviceInformation	184	static
../Core/Src/CommunicationMessages.c:351:5:SendMessageMsVoltage	152	static
../Core/Src/CommunicationMessages.c:365:5:SendMessageTemperature	152	static
../Core/Src/CommunicationMessages.c:379:5:SendMessageHumidity	152	static
../Core/Src/CommunicationMessages.c:393:5:SendMessageRelayStatus	160	static
../Core/Src/CommunicationMessages.c:409:5:SendMessageSetRelay	160	static
../Core/Src/CommunicationMessages.c:425:5:SendMessageRequest	152	static
../Core/Src/CommunicationMessages.c:440:5:SendMessageCarStatus	152	static
../Core/Src/CommunicationMessages.c:455:5:PackMessageConfirmation	32	static
../Core/Src/CommunicationMessages.c:473:5:PackMessageDeviceInformation	32	static
../Core/Src/CommunicationMessages.c:502:5:PackMessageVoltage	32	static
../Core/Src/CommunicationMessages.c:520:5:PackMessageTemperature	32	static
../Core/Src/CommunicationMessages.c:539:5:PackMessageHumidity	32	static
../Core/Src/CommunicationMessages.c:558:5:PackMessageRelayStatus	32	static
../Core/Src/CommunicationMessages.c:577:5:PackMessageRelaySet	32	static
../Core/Src/CommunicationMessages.c:596:5:PackMessageRequest	32	static
../Core/Src/CommunicationMessages.c:615:5:PackMessageCarStatus	32	static
../Core/Src/CommunicationMessages.c:634:21:UnpackMessageConfirmation	32	static
../Core/Src/CommunicationMessages.c:648:25:UnpackMessageDeviceInformation	112	static
../Core/Src/CommunicationMessages.c:681:16:UnpackMessageVoltage	48	static
../Core/Src/CommunicationMessages.c:697:16:UnpackMessageSilentVoltage	48	static
../Core/Src/CommunicationMessages.c:713:20:UnpackMessageTemperature	48	static
../Core/Src/CommunicationMessages.c:729:20:UnpackMessageSilentTemperature	48	static
../Core/Src/CommunicationMessages.c:745:17:UnpackMessageHumidity	48	static
../Core/Src/CommunicationMessages.c:760:17:UnpackMessageSilentHumidity	48	static
../Core/Src/CommunicationMessages.c:776:20:UnpackMessageRelayStatus	48	static
../Core/Src/CommunicationMessages.c:793:17:UnpackMessageRelaySet	48	static
../Core/Src/CommunicationMessages.c:810:16:UnpackMessageRequest	40	static
../Core/Src/CommunicationMessages.c:826:18:UnpackMessageCarStatus	48	static
