../Core/Src/ESP8266_WiFi.c:77:6:InitESP8266	8	static
../Core/Src/ESP8266_WiFi.c:96:6:ClearResponseTable	0	static
../Core/Src/ESP8266_WiFi.c:105:6:ClearResponseTableBuffer	8	static
../Core/Src/ESP8266_WiFi.c:117:6:ResetESPPinout	16	static
../Core/Src/ESP8266_WiFi.c:125:6:ESPDisableEcho	8	static
../Core/Src/ESP8266_WiFi.c:131:6:ESPDisableMultipleConnection	8	static
../Core/Src/ESP8266_WiFi.c:137:6:ESPSetStationMode	8	static
../Core/Src/ESP8266_WiFi.c:143:6:ESPSetRFPower	8	static
../Core/Src/ESP8266_WiFi.c:149:6:ESPCheckVerion	8	static
../Core/Src/ESP8266_WiFi.c:156:6:ESPSendResetEsp	8	static
../Core/Src/ESP8266_WiFi.c:164:6:ESPSendFactoryReset	8	static
../Core/Src/ESP8266_WiFi.c:170:6:ChangeUSARTSpeed	72	static
../Core/Src/ESP8266_WiFi.c:194:19:SendToESP	16	static
../Core/Src/ESP8266_WiFi.c:239:6:ConnectToWiFi	72	static
../Core/Src/ESP8266_WiFi.c:261:6:CheckWiFiConnectionStatus	8	static
../Core/Src/ESP8266_WiFi.c:274:6:CheckCIPSTATUS	8	static
../Core/Src/ESP8266_WiFi.c:303:14:ParseResponseType	8	static
../Core/Src/ESP8266_WiFi.c:394:6:isIncluded	0	static
../Core/Src/ESP8266_WiFi.c:407:14:IsRespondCorrect	24	static
../Core/Src/ESP8266_WiFi.c:471:14:ProcessReceivedData	24	static
../Core/Src/ESP8266_WiFi.c:739:6:GetTimeFromNTP	48	static
