../Core/Src/ili9341.c:49:6:lcdInit	16	static
../Core/Src/ili9341.c:208:6:lcdTest	24	static
../Core/Src/ili9341.c:230:6:lcdFillRGB	24	static
../Core/Src/ili9341.c:249:6:lcdDrawPixel	16	static
../Core/Src/ili9341.c:259:6:lcdDrawHLine	32	static
../Core/Src/ili9341.c:288:6:lcdDrawVLine	32	static
../Core/Src/ili9341.c:329:6:lcdDrawLine	48	static
../Core/Src/ili9341.c:392:6:lcdDrawRect	24	static
../Core/Src/ili9341.c:412:6:lcdDrawRoundRect	32	static
../Core/Src/ili9341.c:438:6:lcdDrawCircleHelper	40	static
../Core/Src/ili9341.c:490:6:lcdDrawCircle	40	static
../Core/Src/ili9341.c:538:6:lcdDrawTriangle	32	static
../Core/Src/ili9341.c:555:6:lcdFillCircle	32	static
../Core/Src/ili9341.c:573:6:lcdFillCircleHelper	40	static
../Core/Src/ili9341.c:617:6:lcdFillRect	32	static
../Core/Src/ili9341.c:642:6:lcdFillRoundRect	32	static
../Core/Src/ili9341.c:665:6:lcdFillTriangle	72	static
../Core/Src/ili9341.c:748:6:lcdDrawImage	24	static
../Core/Src/ili9341.c:760:6:lcdHome	8	static
../Core/Src/ili9341.c:784:6:lcdDrawChar	32	static
../Core/Src/ili9341.c:831:6:lcdPrintf	32	static
../Core/Src/ili9341.c:883:6:lcdSetTextFont	16	static
../Core/Src/ili9341.c:896:6:lcdSetTextColor	16	static
../Core/Src/ili9341.c:909:6:lcdSetTextWrap	16	static
../Core/Src/ili9341.c:914:6:lcdSetOrientation	16	static
../Core/Src/ili9341.c:949:6:lcdSetCursor	16	static
../Core/Src/ili9341.c:966:6:lcdSetWindow	24	static
../Core/Src/ili9341.c:981:6:lcdBacklightOff	8	static
../Core/Src/ili9341.c:986:6:lcdBacklightOn	8	static
../Core/Src/ili9341.c:991:6:lcdInversionOff	8	static
../Core/Src/ili9341.c:996:6:lcdInversionOn	8	static
../Core/Src/ili9341.c:1001:6:lcdDisplayOff	8	static
../Core/Src/ili9341.c:1007:6:lcdDisplayOn	8	static
../Core/Src/ili9341.c:1013:6:lcdTearingOff	8	static
../Core/Src/ili9341.c:1018:6:lcdTearingOn	16	static
../Core/Src/ili9341.c:1024:10:lcdGetWidth	4	static
../Core/Src/ili9341.c:1029:10:lcdGetHeight	4	static
../Core/Src/ili9341.c:1034:10:lcdGetControllerID	16	static
../Core/Src/ili9341.c:1045:23:lcdGetOrientation	4	static
../Core/Src/ili9341.c:1050:8:lcdGetTextFont	4	static
../Core/Src/ili9341.c:1055:22:lcdGetProperties	16	static
../Core/Src/ili9341.c:1070:10:lcdReadPixel	24	static
../Core/Src/ili9341.c:1094:10:lcdColor565	16	static
../Core/Src/ili9341.c:1099:6:lcdDisplayTextWithScrollPage	88	dynamic
../Core/Src/ili9341.c:1162:6:Send_ToLCDDisplay	24	static
../Core/Src/ili9341.c:1168:6:Debug	128	static
../Core/Src/ili9341.c:1185:6:PrintDateTime	80	static
../Core/Src/ili9341.c:1204:6:lcdDrawPixels	32	static
../Core/Src/ili9341.c:1217:13:lcdReset	8	static
../Core/Src/ili9341.c:1225:6:lcdWriteCommand	16	static
../Core/Src/ili9341.c:1232:6:lcdWriteData	16	static
../Core/Src/ili9341.c:1237:23:lcdReadData	4	static
../Core/Src/ili9341.c:1242:22:lcdBuildMemoryAccessControlConfig	24	static
