../Core/Src/LoRa.c:24:6:newLoRa	72	static
../Core/Src/LoRa.c:47:6:LoRa_reset	16	static
../Core/Src/LoRa.c:65:6:LoRa_gotoMode	24	static
../Core/Src/LoRa.c:109:6:LoRa_readReg	24	static
../Core/Src/LoRa.c:135:6:LoRa_writeReg	24	static
../Core/Src/LoRa.c:157:6:LoRa_setLowDataRateOptimization	24	static
../Core/Src/LoRa.c:182:6:LoRa_setAutoLDO	96	static
../Core/Src/LoRa.c:199:6:LoRa_setFrequency	24	static
../Core/Src/LoRa.c:231:6:LoRa_setSpreadingFactor	24	static
../Core/Src/LoRa.c:261:6:LoRa_setPower	16	static
../Core/Src/LoRa.c:277:6:LoRa_setOCP	24	static
../Core/Src/LoRa.c:305:6:LoRa_setTOMsb_setCRCon	24	static
../Core/Src/LoRa.c:325:6:LoRa_setSyncWord	16	static
../Core/Src/LoRa.c:353:9:LoRa_read	24	static
../Core/Src/LoRa.c:389:6:LoRa_write	24	static
../Core/Src/LoRa.c:432:6:LoRa_BurstWrite	32	static
../Core/Src/LoRa.c:455:9:LoRa_isvalid	16	static
../Core/Src/LoRa.c:500:9:LoRa_transmit	32	static
../Core/Src/LoRa.c:546:6:LoRa_startReceiving	16	static
../Core/Src/LoRa.c:562:9:LoRa_receive	48	static
../Core/Src/LoRa.c:595:5:LoRa_getRSSI	24	static
../Core/Src/LoRa.c:611:10:LoRa_init	24	static
